
> @philia/merchant@0.0.0 build
> tsc -b && vite build

vite v7.3.6 building client environment for production...
transforming...

/fonts/poppins-latin-400.woff2 referenced in /fonts/poppins-latin-400.woff2 didn't resolve at build time, it will remain unchanged to be resolved at runtime

/fonts/poppins-latin-600.woff2 referenced in /fonts/poppins-latin-600.woff2 didn't resolve at build time, it will remain unchanged to be resolved at runtime

/fonts/montserrat-latin-400.woff2 referenced in /fonts/montserrat-latin-400.woff2 didn't resolve at build time, it will remain unchanged to be resolved at runtime

/fonts/montserrat-latin-600.woff2 referenced in /fonts/montserrat-latin-600.woff2 didn't resolve at build time, it will remain unchanged to be resolved at runtime

/fonts/montserrat-latin-700.woff2 referenced in /fonts/montserrat-latin-700.woff2 didn't resolve at build time, it will remain unchanged to be resolved at runtime

/fonts/noto-sans-sc-chinese-simplified-400.woff2 referenced in /fonts/noto-sans-sc-chinese-simplified-400.woff2 didn't resolve at build time, it will remain unchanged to be resolved at runtime

/fonts/noto-sans-sc-chinese-simplified-700.woff2 referenced in /fonts/noto-sans-sc-chinese-simplified-700.woff2 didn't resolve at build time, it will remain unchanged to be resolved at runtime
✓ 1865 modules transformed.
rendering chunks...
computing gzip size...
dist/registerSW.js                          0.14 kB
dist/manifest.webmanifest                   0.40 kB
dist/index.html                             0.74 kB │ gzip:   0.43 kB
dist/assets/philia-tab-icon-wiOD1Y2x.png   10.07 kB
dist/assets/index-DdK9mtJM.css             95.22 kB │ gzip:  15.87 kB
dist/assets/index-lVxrU1wX.js             558.15 kB │ gzip: 155.70 kB

(!) Some chunks are larger than 500 kB after minification. Consider:
- Using dynamic import() to code-split the application
- Use build.rollupOptions.output.manualChunks to improve chunking: https://rollupjs.org/configuration-options/#output-manualchunks
- Adjust chunk size limit for this warning via build.chunkSizeWarningLimit.
✓ built in 10.07s

PWA v1.3.0
mode      generateSW
precache  7 entries (638.92 KiB)
files generated
  dist/sw.js
  dist/workbox-9c191d2f.js
