
> @philia/customer@0.0.0 build
> tsc -b && vite build

vite v7.3.6 building client environment for production...
transforming...

/fonts/poppins-latin-400.woff2 referenced in /fonts/poppins-latin-400.woff2 didn't resolve at build time, it will remain unchanged to be resolved at runtime

/fonts/poppins-latin-600.woff2 referenced in /fonts/poppins-latin-600.woff2 didn't resolve at build time, it will remain unchanged to be resolved at runtime

/fonts/montserrat-latin-400.woff2 referenced in /fonts/montserrat-latin-400.woff2 didn't resolve at build time, it will remain unchanged to be resolved at runtime

/fonts/montserrat-latin-600.woff2 referenced in /fonts/montserrat-latin-600.woff2 didn't resolve at build time, it will remain unchanged to be resolved at runtime

/fonts/montserrat-latin-700.woff2 referenced in /fonts/montserrat-latin-700.woff2 didn't resolve at build time, it will remain unchanged to be resolved at runtime

/fonts/noto-sans-sc-chinese-simplified-400.woff2 referenced in /fonts/noto-sans-sc-chinese-simplified-400.woff2 didn't resolve at build time, it will remain unchanged to be resolved at runtime

/fonts/noto-sans-sc-chinese-simplified-700.woff2 referenced in /fonts/noto-sans-sc-chinese-simplified-700.woff2 didn't resolve at build time, it will remain unchanged to be resolved at runtime
../../node_modules/zod/v4/core/regexes.js (70:0): A comment

"/** Anchors a pattern source. The interpolation lives here rather than at the call site because
 * esbuild will not drop a `@__PURE__` call whose own argument interpolates a variable, but it
 * will drop `anchor(dateSource)`. Keeping it inline pinned `date` into every bundle. */"

in "../../node_modules/zod/v4/core/regexes.js" contains an annotation that Rollup cannot interpret due to the position of the comment. The comment will be removed to avoid issues.
../../node_modules/zod/v4/core/util.js (330:0): A comment

"// Wrapped in a `@__PURE__` IIFE: esbuild never tree-shakes a top-level initializer that contains a member access on `Number`, so the bare object literal survived into every bundle."

in "../../node_modules/zod/v4/core/util.js" contains an annotation that Rollup cannot interpret due to the position of the comment. The comment will be removed to avoid issues.
✓ 2320 modules transformed.
rendering chunks...
computing gzip size...
dist/registerSW.js                          0.14 kB
dist/manifest.webmanifest                   0.38 kB
dist/index.html                             0.73 kB │ gzip:   0.43 kB
dist/assets/philia-tab-icon-wiOD1Y2x.png   10.07 kB
dist/assets/index-Cii8rFpg.css             95.35 kB │ gzip:  15.77 kB
dist/assets/index-B6-VybS8.js             728.18 kB │ gzip: 205.08 kB

(!) Some chunks are larger than 500 kB after minification. Consider:
- Using dynamic import() to code-split the application
- Use build.rollupOptions.output.manualChunks to improve chunking: https://rollupjs.org/configuration-options/#output-manualchunks
- Adjust chunk size limit for this warning via build.chunkSizeWarningLimit.
✓ built in 12.16s

PWA v1.3.0
mode      generateSW
precache  7 entries (805.08 KiB)
files generated
  dist/sw.js
  dist/workbox-9c191d2f.js
