[provision] state → D:\KimiData\kimi\Workspaces\Philia\u4-pipeline\m1-contract-check.state.json
{
  "provisionedAt": "2026-09-19T08:31:32.594Z",
  "customerId": "01M2WCNJ72413WSNFJG6RM8QD6",
  "customerNickname": "验收客户083132QKH7CP",
  "customerPhone": "13706692928",
  "apptId": "01M2WCNJ79CJ2VAQ13FARN3Q61",
  "appt2Id": "01M2WCNJ7CAZB6K7ENBBN083ZG",
  "note": "每次运行新建客户+预约；不重置存量数据"
}
  ✔ server 健康检查

—— R3：班次懒建与挂班（两班实证清场）——
  ✔ R3：收银单创建时点挂当班 shift_id（非 NULL） —— shiftId=01M2WCNJ9J2XDKDBARNQY71R3T
  ✔ R3：currentShift 即该班（懒建开班）
  ✔ R3：clerk 交接班确认 403（补丁①② clerk 无入口）
  ✔ R3：manager 交接班确认闭班 200（交接班=当班小结不冻结）
  ✔ R3：闭班后下一笔收银懒建下一班（shiftId 切换） —— 01M2WCNJ9J2XDKDBARNQY71R3T → 01M2WCNJA93XTSFJYF3QXFTHQH

—— R3：日结（条件②全日口径 · 两班实证 · 预览=冻结同源）——
  ✔ R3 条件②：预览=全日出口同源同值（dayClosePreview.stats ≡ todayTenderStats） —— preview=956800 outlet=956800
  ✔ R3 条件②：班次拆分展示——本批两班各 ¥68（6800） —— {"shift1":6800,"shift2":6800}
  ✔ R3：clerk 日结预览 403（无入口）
  ✔ R3：clerk 日结 403（无入口）
  ✔ R3 条件②：冻结账面=全日口径=预览同值（两班合计 13600 含其中）、实点+100、差异=+100 —— {"book":956800,"preview":956800,"twoShift":13600}
  ✔ R3 条件②：冻结快照 scope=full-day + 班次拆分明细随单冻结
  ✔ R3 条件②：分列与笔数快照=全日出口同值
  ✔ R3：生成即冻结（status=frozen）且闭当前班
  ✔ R3：日结后当班已闭（currentShift=null）
  ✔ R3 条件②：同日再日结 CONFLICT（一日一结） —— 该自然日已有冻结的日结单（一日一结）；如需重新日结，请先由店主反结账拆箱

—— R3：日结反结账（拆箱，仅店主）+ 同日重新日结 ——
  ✔ R3：manager 日结反结账 403（仅店主）
  ✔ R3：反结账强制填原因（空原因 400）
  ✔ R3：原日结单永存不涂改（status→reversed + 链接元数据，数字不动）
  ✔ R3：冲正关联单（kind=reversal，refCloseId→原单，前后值快照=全日口径+原因+操作人）
  ✔ R3：listDayCloses 双向可查（原单 reversalId ↔ 冲正单 refCloseId）
  ✔ R3：重复反结账幂等（idempotent=true）
  ✔ R3：调整备注只增不改（留痕含操作人）
  ✔ R3 条件②：拆箱后同日重新日结成功（diff=0；shiftId 入参仅追溯兼容）

—— R3：日结 CSV 导出（仅店主）——
  ✔ R3：clerk/manager 导出 403（补丁①导出仅老板）
  ✔ R3：owner 导出 200（CSV 含表头与全日账面值） —— day-close-2026-09-19-X3ZDY5.csv

—— R3b：收银台反结账单（已支付单冲正，仅店主）——
  ✔ R3b：混合单结账成功（pass19800+cash12600）
  ✔ R3b 前置：库存已扣（-2）、预约已翻转、次卡已扣（1→0）
  ✔ R3b：manager/clerk 反结账 403（仅店主）
  ✔ R3b：强制填原因（空原因 400）
  ✔ R3b：原单永存（status 仍 settled）+ 被冲正链接（reversedAt/reversedBy/reversalBillNo） —— reversal=HD-20260919-332
  ✔ R3b：冲正单独立行（status=reversal、金额镜像 -32400、reversalOfBillNo 指原单）
  ✔ R3b：库存自动回补（+2 回到原值） —— 68 → 70
  ✔ R3b：预约回补（paidAt 清零 → 回到待收款清单）
  ✔ R3b：次卡回补（remain 0→1 + 流水「反结账回补」delta=+1）
  ✔ R3b：冲正不计当日已收（Δcash=-12600、Δpass=-19800、Δ笔数=-1） —— received 1404300 → 1391700
  ✔ R3b：重复反结账幂等（idempotent=true）
  ✔ R3b：冲正单不可撤（reversal 态 BAD_REQUEST）

—— R5b：CSV 导入两阶段（演示台账）——
  ✔ R5b：clerk 导入 preview 403（仅店主）
  ✔ R5b：preview 零写入对账报告（ok=2/fail=2：门店未映射+手机号非法） —— {"门店未映射（「未映射店」无 mapping 入参）":1,"手机号缺失或非法（手机号为主键）":1}
  ✔ R5b：execute 落批次（ok=2/fail=2 留痕） —— 01M2WCNJFA5H3ER2MVGKMS8CKM
  ✔ R5：searchMember 可见储值余额（本金 10000 + 赠送 0） —— 10000

—— R5：储值结账（足/不足/混搭/留痕/不计已收）——
  ✔ R5：stored_value 段结账 200（zod 解禁生效）
  ✔ R5：扣减留痕（前后余额 10000→1200、单号、操作人=clerk）
  ✔ R5：余额不足 FORBIDDEN 如实（1200 < 8800） —— 储值余额不足：余额 12.00 元，本单需 88.00 元（可混搭现金/微信/支付宝补足）
  ✔ R5：混搭支付（储值1200+现金7600）200，余额清零
  ✔ R5：余额实时正确（10000-8800-1200=0）
  ✔ R5：散客单储值支付被拒（BAD_REQUEST）
  ✔ R5：储值消费不计已收（ΔstoredValue=10000 参考列，Δ已收仅现金 7600） —— storedValue Δ=10000
  ✔ R5+R3b：储值单冲正后余额回补（0→8800）
  ✔ R5b：已产生消费的批次拒绝清除（CONFLICT） —— 该批次账户已产生消费流水，拒绝清除（差错请走对账调整留痕）

—— R5b：批次标记清除（试导回滚）——
  ✔ R5b：批次可查（A=executed / B=executed，含报告）
  ✔ R5b：标记清除成功（clearedLogs=1，临时会员账户随清除删除，clearedBy=owner） —— {"logs":1,"accounts":1}
  ✔ R5b：清除后账户清零（批次 B 的 2500 全回退，账户已删） —— accounts=0

—— R5b：真台账 preview 对账（仅本地验证，不入库）——
  ✔ R5b 对账：1290 数据行 / 本金>0 恰 907 人 / 本金合计 ¥671,264.42 —— {"rows":1290,"persons":907,"fen":67126442}
  ✔ R5b 对账：1286 唯一手机号 / 三店分布 728·328·234 / 会员编号缺 344 —— {"贝肯山店":728,"生活馆店":328,"生态城店":234}
  ✔ R5b 对账：赠送列全零 / 次卡夹带 150 行（预留映射未导入） —— passCarry=150
  ✔ R5b：真台账会员未建档行全量失败留痕（只交付不执行，ok=0）

—— R5：无充值入口回归保护 ——
  ✔ R5：storedValue 路由无充值端点（topUp 不存在）

========== 结果：59 过 / 0 挂 ==========
