=== nav-closure ===
导航闭环体检（W1 §六 harness）：66 路由 · 四要素检测
[customer] dev-login ✓
✅ [customer] /home —— OK back=false dock=true 出口钮=false
✅ [customer] /mall —— OK back=false dock=true 出口钮=false
✅ [customer] /me —— OK back=false dock=true 出口钮=false
✅ [customer] /philia —— OK back=false dock=true 出口钮=false
✅ [customer] /booking —— OK back=true dock=false 出口钮=false
✅ [customer] /booking/grooming —— OK back=true dock=false 出口钮=false
✅ [customer] /booking/grooming/wizard —— OK back=true dock=false 出口钮=false
✅ [customer] /booking/boarding —— OK back=true dock=false 出口钮=false
✅ [customer] /booking/boarding/wizard —— OK back=true dock=false 出口钮=false
✅ [customer] /booking/success?aid=01M2SW1M3YQ9AT8SH6T05Z69M3 —— OK back=true dock=false 出口钮=true
✅ [customer] /appointments —— OK back=true dock=false 出口钮=false
✅ [customer] /appointments/01M2SW1M3YQ9AT8SH6T05Z69M3 —— OK back=false dock=false 出口钮=true
✅ [customer] /appointments/01000000000000000000000000 —— OK（无效 id 异常态须出口（W1 补改）） back=false dock=false 出口钮=true
✅ [customer] /appointments/01M2SW1M3YQ9AT8SH6T05Z69M3/live —— OK back=true dock=false 出口钮=false
✅ [customer] /mall/orders —— OK back=true dock=false 出口钮=true
✅ [customer] /mall/cart —— OK back=true dock=false 出口钮=true
✅ [customer] /mall/checkout —— OK back=true dock=false 出口钮=true
✅ [customer] /mall/product/01M2S57Y960FYBQ4H8SQGP2396 —— OK（商品 id 缺失时守卫口径） back=false dock=false 出口钮=true
✅ [customer] /mall/product/01000000000000000000000000 —— OK（无效 id 异常态须出口（W1 补改）） back=false dock=false 出口钮=true
✅ [customer] /me/card —— OK back=true dock=false 出口钮=false
✅ [customer] /philia/member —— OK back=true dock=false 出口钮=false
✅ [customer] /philia/moments —— OK back=true dock=false 出口钮=false
✅ [customer] /philia/pets —— OK back=true dock=false 出口钮=false
➖ [customer] /dev-login —— 豁免 门禁页
➖ [customer] /login —— 豁免（门禁别名） 门禁页
✅ [customer] /member —— OK（批次 R11a） back=true dock=false 出口钮=false
✅ [customer] /member/open —— OK（批次 R11a） back=true dock=false 出口钮=false
✅ [customer] /member/rebate —— OK（批次 R11b 新路由申报（W-01 账本独立页）） back=true dock=false 出口钮=false
[merchant] dev-login ✓
✅ [merchant] /dashboard —— OK back=false dock=true 出口钮=false
✅ [merchant] /appointments —— OK back=false dock=true 出口钮=false
✅ [merchant] /appointments/01M2SW1M3YQ9AT8SH6T05Z69M3 —— OK back=false dock=true 出口钮=false
✅ [merchant] /appointments/01000000000000000000000000 —— OK（无效 id 异常态须出口（W1 补改）） back=false dock=true 出口钮=false
✅ [merchant] /monitor —— OK back=false dock=true 出口钮=false
✅ [merchant] /monitor/01M2SW1M3YQ9AT8SH6T05Z69M3 —— OK back=false dock=true 出口钮=false
✅ [merchant] /monitor/01000000000000000000000000 —— OK（无效 id 异常态须出口（W1 补改）） back=false dock=true 出口钮=false
✅ [merchant] /boarding —— OK back=false dock=true 出口钮=false
✅ [merchant] /orders —— OK back=false dock=true 出口钮=false
✅ [merchant] /products —— OK back=false dock=true 出口钮=false
✅ [merchant] /pass —— OK back=false dock=true 出口钮=false
✅ [merchant] /staff —— OK back=false dock=true 出口钮=false
✅ [merchant] /finance —— OK back=false dock=true 出口钮=false
✅ [merchant] /settings —— OK back=false dock=true 出口钮=false
✅ [merchant] /settings/rules —— OK（批次 staff-2 R9-F：owner 专属（clerk 守卫引导页 / manager 页内引导卡，rail 布局内）） back=false dock=true 出口钮=false
✅ [merchant] /cashier —— OK back=false dock=true 出口钮=false
✅ [merchant] /cashier/records —— OK back=false dock=true 出口钮=false
✅ [merchant] /cashier/close —— OK back=false dock=true 出口钮=false
✅ [merchant] /cashier/refunds —— OK（批次 R12 退款单列表（墨轨常驻；clerk 引导页）） back=false dock=true 出口钮=false
➖ [merchant] /dev-login —— 豁免 门禁页
➖ [merchant] /login —— 豁免 门禁页
✅ [merchant] /passes —— OK（重定向兼容） back=false dock=true 出口钮=false
✅ [merchant] /live —— OK（重定向→/monitor） back=false dock=true 出口钮=false
✅ [merchant] / —— OK（重定向→/dashboard） back=false dock=true 出口钮=false
➖ [merchant] /dev-login —— 豁免 门禁页
[staff] dev-login ✓
✅ [staff] /today —— OK back=false dock=true 出口钮=false
✅ [staff] /history —— OK back=false dock=true 出口钮=false
✅ [staff] /me —— OK back=false dock=true 出口钮=false
✅ [staff] /execute/01M2SW1M3YQ9AT8SH6T05Z69M3 —— OK（异常态守卫页亦须出口） back=false dock=false 出口钮=true
✅ [staff] /boarding/01000000000000000000000000/checkin —— OK（异常态守卫页（W1 弱出口已按钮化）） back=false dock=false 出口钮=true
➖ [staff] /dev-login —— 豁免 门禁页
✅ [staff] / —— OK（重定向→/today） back=false dock=true 出口钮=false
✅ [staff] /attendance —— OK（批次 staff-2 R7~R10） back=true dock=false 出口钮=false
✅ [staff] /inventory —— OK（批次 staff-2 R7~R10） back=true dock=false 出口钮=false
✅ [staff] /inventory/01000000000000000000000000 —— OK（无效 id 异常态须出口（批次 staff-2 R7~R10；无种子盘点单 id，INVALID 行即可）） back=true dock=false 出口钮=true
✅ [staff] /pay —— OK（批次 staff-2 R7~R10） back=true dock=false 出口钮=false
✅ [staff] /xp —— OK（批次 staff-2 R7~R10） back=true dock=false 出口钮=false
✅ [staff] /reviews —— OK（批次 staff-2 R7~R10） back=true dock=false 出口钮=false
✅ [staff] /manager —— OK（批次 staff-2 R7~R10；非店长登录渲染引导卡（「返回我的」按钮出口）） back=true dock=false 出口钮=true

===== 体检汇总：67 路由 · 死胡同 0 · 弱 0 · 豁免 6 =====
nav exit=0
=== smoke-deploy ===
✅ GET /api/health —— {"ok":true,"ts":1790583724676}
✅ 三端首页可达：customer http://localhost:7100 —— status=200 ct=text/html
✅ 三端首页可达：merchant http://localhost:7101 —— status=200 ct=text/html
✅ 三端首页可达：staff http://localhost:7102 —— status=200 ct=text/html
✅ 口令门未设置（开发期开放）：dev-seed-users 无码 → 200 —— status=200 users=6
✅ dev-seed-users 动态取数（带口令） —— users=6
✅ 种子角色齐全（customer / merchant_owner / staff） —— customer=示例客户 merchant=菲丽亚店主 staff=小美
✅ dev-login（示例客户 / customer） —— status=200
✅ dev-login（菲丽亚店主 / merchant） —— status=200
✅ dev-login（小美 / staff） —— status=200
✅ 挂单基线读取（现库 held=保留标测试件，收尾段不动） —— held=2
✅ trpc pet.list（种子客户有宠物） —— pets=2 第一只=旺财
✅ trpc store.listNearby（种子门店） —— stores=1 第一家=菲丽亚宠物·示例店
✅ trpc store.getWithServices（洗护服务项） —— 服务=基础洗护（小型犬） 价格=8800分
✅ 演示单下单 trpc appointment.create —— id=01M3KHPPP5N4J633A210N88BP1 scheduledStart=2026/9/29 12:30:00
✅ 商家确认 trpc appointment.confirm（pending → confirmed） —— status=confirmed
✅ 客户取码 trpc appointment.getCode —— code=4M7FEK
✅ 员工核销 trpc appointment.checkin（confirmed → in_service） —— status=in_service checkedInAt=2026-09-28T08:22:04.000Z 认领员工=01M367FT93XKNYRAEQJJE3C95Z
✅ 收银台 trpc cashier.pendingAppointments 可查 —— 待收款=4
✅ 收银台 会员检索命中（种子客户） —— found=true 次卡余=0
✅ 收银台 会员检索未命中（安静 found:false） —— found=false
✅ 收银台前置 pass.topUp 充次 1 —— times=1
✅ 收银台 挂单 cashier.hold（HD 单号） —— billNo=HD-20260928-026 应收=21700分
✅ 收银台 取单 cashier.resume（held→open） —— status=open 行数=2
✅ 收银台 结账 cashier.settle（现金） —— status=settled 已收=21700分
✅ 收银台 结账幂等（同 bill_no 重放 idempotent） —— idempotent=true
✅ 收银台 库存扣减（settled −1，幂等重放不再扣） —— stock 46→45（重放后仍 45）
✅ 收银台 流水可查 cashier.listBills（今日含本单） —— rows=26
✅ 收银台 流水详情 getBill（现金 1 段） —— 支付段=1
✅ 收银台 次卡扣次结账（pass 段=扣次行有效价） —— billNo=HD-20260928-027 应收=8800分
✅ 收银台 扣次联动（次卡余额 −1） —— remain 1→0
✅ 收银台 撤单留痕 cashier.voidBill（voided 留痕不删除） —— status=voided reason=smoke 撤单验证
✅ 收银台 财务流水接数（financeStats.cashierLedger 含本批单） —— cashierLedger=13 行
✅ 收银台 冲正库存回补（reverseBill 后 stock +1） —— stock 45→46（期望 +1）
✅ 库存流水 cashier 来源（5.6 结账扣减落账，delta=-1 前后值连续） —— before=46 after=45
✅ 库存流水 reversal 来源（5.12 冲正回补落账，delta=+1 前后值连续） —— before=45 after=46
✅ 库存流水 count 前置：盘点建单（weekly draft） —— countId=01M3KHPPTX74JVF41SF5KCXT6B items=13
✅ 库存流水 count 前置：员工待办可见盘点行项 —— items=13
✅ 库存流水 count 前置：实盘录入 → counted —— status=counted
✅ 库存流水 count 前置：店长确认入账（posted，diffs≥1） —— status=posted diffs=1
✅ 库存流水 count 来源（盘点入账落账，delta=-2 前后值=快照/实盘） —— before=46 after=44
✅ R12 现金单全额退 executed（金额=原单已收） —— refundNo=RB-20260928-006 金额=21700
✅ R12 六联动快照含 rebateClawbackFen=0 列位（回馈金 R11 冻结回归） —— keys=26
✅ R12 原单挂 refund_status=refunded + refund_bill_no 双向回指（已收 paidFen 不涂改） —— refundStatus=refunded refundBillNo=RB-20260928-006
✅ R12 商品 refund 流水前后值（delta=+1 连续）+ 库存回补到位 —— 流水 43→44，stock 44→44
✅ R12 前置：储值账户建账（executeImport 1 行 ¥100，仅店主生产通道） —— okRows=1
✅ R12 储值段结账扣减（余额 −40% 段，前后值连续） —— balance 26480→22960
✅ R12 组合支付 6:4 分摊回补（按段占比精确到分）+ 储值余额回补前后值留痕 —— segs=cash:2640/stored_value:1760 balance=22960→24720
✅ R12 寄养预约创建（明天入住共 3 晚） —— id=01M3KHPPYFY6TX3CKGCRBPSE4C
✅ R12 寄养核销 + 退房（in_boarding → completed） —— ok
✅ R12 寄养剩余晚部分退（退 2/3 晚，金额=floor(总价÷3)×2；分段明细透出总晚/退晚/晚单价） —— amount=39800 期望=39800 boarding={"appointmentId":"01M3KHPPYFY6TX3CKGCRBPSE4C","billItemId":"01M3KHPPZSGGXFBGC72DP76C06","totalNights":3,"occurredNights":0,"remainingNights":3,"nights":2,"perNightFen":19900}
✅ R11a 微光开档（新手机号建档 + 0 元单直接成交） —— membership=01M3KHPQ0D9E7JGGBHVH2ESNVF amount=0
✅ R11a openFree 幂等（重复调用 idempotent=true 不重建） —— idempotent=true
✅ R11a 萤火售卖到店付（4 只宠 25800 现金段，成交即开通 active） —— amount=25800 pets=4 status=active
✅ R11a 双归属：memberships.sold_store_id=办卡店（本店） —— soldStore=01M367FT92JYXYPNXE899RW5CN（重复跑已有会员时跳过）
✅ R11a 回馈金返 2%（商品单 grant 挂期次：本期预计 +2% 精确到分，余额未动=次月到账） —— pending 0→258（期望 +258）
✅ R11a 抵扣段仅商品（服务行 + rebate 段 → 403「回馈金仅可抵商品」） —— trpc cashier.settle 失败：回馈金仅可抵商品（服务/寄养行禁用回馈金支付段）（code=FORBIDDEN）
✅ R11a 抵扣段仅商品（商品行 + rebate 段过闸门：成交或余额不足明文，不触「仅可抵商品」） —— trpc cashier.settle 失败：回馈金余额不足：余额 0.00 元，本单需 1.00 元（可混搭现金/微信/支付宝补足）（code=FORBIDDEN）
✅ R11a 日结分摊双口径并列（cashFen 收现 vs amortizedFen 分摊，两字段同帧透出） —— cashFen 51600→77400 amortizedFen=6450
✅ dev-login（小周 / clerk） —— status=200
✅ 收银修复包 todayTenderStats（已收=现金+微信+支付宝可加总） —— 已收=290640分 分列=290640/0/0 参考列 pass=26400 sv=10560
✅ 收银修复包 三处同源同数（总览/收银台头部/财务头部） —— 三处=290640/290640/290640分
✅ clerk 营业额遮罩（restricted=true 且金额 null） —— restricted=true
✅ clerk 开单 cashier.hold 放行 —— billNo=HD-20260928-037
✅ clerk 改价 403（服务端硬闸门）
✅ clerk financeStats 403
✅ clerk 撤单（未支付单，补丁①放宽）放行
✅ clerk 日结 403（无交接班/日结权）
✅ 日结 当前班次可查（懒建开班） —— shift=01M3KD672WNNZZGQS177CJE8H9
✅ 日结 cashier.dayClose 冻结当班（当日已结则幂等通过） —— trpc cashier.dayClose 失败：该自然日已有冻结的日结单（一日一结）；如需重新日结，请先由店主反结账拆
✅ 日结单留痕可查（listDayCloses） —— rows=1
✅ 反结账单 cashier.reverseBill（owner，强制原因+关联原单） —— 原单=HD-20260928-035 冲正=HD-20260928-038
✅ 储值导入 preview（零写入+校验位：2 行/本金 ¥150） —— sourceStats={"totalRows":2,"personsWithBalance":2,"principalTotalFen":15000,"bonusTotalFen":0,"bonusAllZero":true,"uniquePhones":2,"storeDist":{"贝肯山店":1
✅ clerk 储值导入 403（仅老板）
✅ PR-3 C2c 日结/已收合计不含 held 单（held 前后 todayTenderStats 逐值相等） —— received 277740→277740
✅ PR-3 C2 收尾段：本次新增 held 单逐个 voidBill（现库测试件不动） —— 新增=2 已撤=2
✅ PR-3 C2 收尾段：跑后 held 数=跑前（零新增残留） —— 基线 held=2 原样

目标：http://localhost:7200（口令门未设置，开发期开放口径）
全部通过 🎉
smoke-deploy exit=0
