
> @philia/customer-mini@0.0.0 build:h5
> taro build --type h5

👽 Taro v4.2.1

Tips:
1. 建议开启持久化缓存功能，能有效提升二次编译速度，详情请参考: https://docs.taro.zone/docs/config-detail#cache。


i Weapp-tailwindcss 使用 Tailwind CSS (v3.4.19)
√ 当前使用 Tailwind CSS 版本为: 3.4.19


● Webpack █████████████████████████  (0%)  
 

- 即将开始启动编译，请稍等~
[2K[1A[2K[1A[2K[1A[2K[1A[2K[1A[2K[G
● Webpack █████████████████████████ building (10%) 0/1 entries 1/1 dependencie
s 0/1 modules 1 active 
 babel-loader › src\app.config.ts

- 即将开始启动编译，请稍等~
[2K[1A[2K[1A[2K[1A[2K[1A[2K[1A[2K[1A[2K[G
● Webpack █████████████████████████ building (10%)  
 import loader .\node_modules\babel-loader\lib\index.js

- 即将开始启动编译，请稍等~
[2K[1A[2K[1A[2K[1A[2K[1A[2K[1A[2K[G
● Webpack █████████████████████████ building (10%) 0/1 entries 2/16 dependenci
es 0/2 modules 2 active 
 babel-loader › src\app.ts

- 即将开始启动编译，请稍等~
[2K[1A[2K[1A[2K[1A[2K[1A[2K[1A[2K[1A[2K[G
● Webpack █████████████████████████ building (10%) 0/1 entries 14/29 dependenc
ies 1/13 modules 11 active 
 babel-loader › node_modules\@tarojs\plugin-framework-react\dist\runtime.js

- 即将开始启动编译，请稍等~
[2K[1A[2K[1A[2K[1A[2K[1A[2K[1A[2K[1A[2K[G
● Webpack █████████████████████████ building (10%) 0/1 entries 26/29 dependenc
ies 1/19 modules 18 active 
 style-loader › css-loader › node_modules\@tarojs\components\global.css

- 即将开始启动编译，请稍等~
[2K[1A[2K[1A[2K[1A[2K[1A[2K[1A[2K[1A[2K[G
● Webpack █████████████████████████ building (10%) 0/1 entries 28/76 dependenc
ies 3/21 modules 17 active 
 babel-loader › node_modules\@tarojs\components\dist\components\index.js

- 即将开始启动编译，请稍等~
[2K[1A[2K[1A[2K[1A[2K[1A[2K[1A[2K[1A[2K[G
● Webpack █████████████████████████ building (10%) 0/1 entries 371/425 depende
ncies 15/193 modules 52 active 
 ...apps\customer-mini\node_modules\@tarojs\plugin-platform-h5\dist\definition
.json

- 即将开始启动编译，请稍等~
[2K[1A[2K[1A[2K[1A[2K[1A[2K[1A[2K[1A[2K[1A[2K[G
● Webpack █████████████████████████ building (10%) 0/1 entries 442/700 depende
ncies 18/211 modules 128 active 
 ...-loader › node_modules\@tarojs\components\dist\components\taro-rtc-room-co
re.js

- 即将开始启动编译，请稍等~
[2K[1A[2K[1A[2K[1A[2K[1A[2K[1A[2K[1A[2K[1A[2K[G
● Webpack █████████████████████████ building (10%) 0/1 entries 796/882 depende
ncies 18/222 modules 129 active 
 ...er › node_modules\@tarojs\components\dist\components\taro-rtc-room-item-co
re.js

- 即将开始启动编译，请稍等~
[2K[1A[2K[1A[2K[1A[2K[1A[2K[1A[2K[1A[2K[1A[2K[G
● Webpack █████████████████████████ building (10%) 0/1 entries 954/1035 depend
encies 18/233 modules 153 active 
 ...el-loader › node_modules\@tarojs\components\dist\components\taro-video-dan
mu.js

- 即将开始启动编译，请稍等~
[2K[1A[2K[1A[2K[1A[2K[1A[2K[1A[2K[1A[2K[1A[2K[G
● Webpack █████████████████████████ building (10%) 0/1 entries 1163/1180 depen
dencies 31/239 modules 204 active 
 ...app\apps\customer-mini\node_modules\@babel\runtime\helpers\esm\readOnlyErr
or.js

- 即将开始启动编译，请稍等~
[2K[1A[2K[1A[2K[1A[2K[1A[2K[1A[2K[1A[2K[1A[2K[G
● Webpack █████████████████████████ building (10%) 0/1 entries 1321/1364 depen
dencies 35/359 modules 212 active 
 ...r › node_modules\@tarojs\components\lib\react\react-component-lib\utils\ca
se.js

- 即将开始启动编译，请稍等~
[2K[1A[2K[1A[2K[1A[2K[1A[2K[1A[2K[1A[2K[1A[2K[G
● Webpack █████████████████████████ building (10%) 0/1 entries 1546/1571 depen
dencies 38/388 modules 278 active 
 ...babel-loader › node_modules\@tarojs\taro-h5\dist\api\location\locationChan
ge.js

- 即将开始启动编译，请稍等~
[2K[1A[2K[1A[2K[1A[2K[1A[2K[1A[2K[1A[2K[1A[2K[G
● Webpack █████████████████████████ building (10%) 0/1 entries 1603/1644 depen
dencies 38/395 modules 334 active 
 ...js

- 即将开始启动编译，请稍等~
[2K[1A[2K[1A[2K[1A[2K[1A[2K[1A[2K[1A[2K[G
● Webpack █████████████████████████ building (10%) 0/1 entries 1653/1664 depen
dencies 38/398 modules 359 active 
 ...loader › node_modules\@tarojs\taro-h5\dist\api\media\audio\InnerAudioConte
xt.js

- 即将开始启动编译，请稍等~
[2K[1A[2K[1A[2K[1A[2K[1A[2K[1A[2K[1A[2K[1A[2K[G
● Webpack █████████████████████████ building (10%) 0/1 entries 1724/1754 depen
dencies 45/403 modules 354 active 
 babel-loader › node_modules\@tarojs\taro-h5\dist\utils\valid.js

- 即将开始启动编译，请稍等~
[2K[1A[2K[1A[2K[1A[2K[1A[2K[1A[2K[1A[2K[G
● Webpack █████████████████████████ building (10%) 0/1 entries 1760/1765 depen
dencies 48/408 modules 360 active 
 node_modules\abortcontroller-polyfill\dist\abortcontroller-polyfill-only.js

- 即将开始启动编译，请稍等~
[2K[1A[2K[1A[2K[1A[2K[1A[2K[1A[2K[1A[2K[G
● Webpack █████████████████████████ building (10%) 0/1 entries 1864/1925 depen
dencies 86/483 modules 349 active 
 ...app\apps\customer-mini\node_modules\@babel\runtime\helpers\esm\superPropBa
se.js

- 即将开始启动编译，请稍等~
[2K[1A[2K[1A[2K[1A[2K[1A[2K[1A[2K[1A[2K[1A[2K[G
● Webpack █████████████████████████ building (12%) 0/1 entries 1926/1971 depen
dencies 261/543 modules 244 active 
 ...der › node_modules\@nutui\nutui-react-taro\dist\es\packages\resultpage\ind
ex.js

- 即将开始启动编译，请稍等~
[2K[1A[2K[1A[2K[1A[2K[1A[2K[1A[2K[1A[2K[1A[2K[G
● Webpack █████████████████████████ building (12%) 0/1 entries 1973/2006 depen
dencies 261/588 modules 292 active 
 ...babel-loader › node_modules\@nutui\nutui-react-taro\dist\es\packages\col\c
ol.js

- 即将开始启动编译，请稍等~
[2K[1A[2K[1A[2K[1A[2K[1A[2K[1A[2K[1A[2K[1A[2K[G
● Webpack █████████████████████████ building (12%) 0/1 entries 2378/2424 depen
dencies 263/720 modules 315 active 
 ...er › node_modules\@nutui\nutui-react-taro\dist\es\packages\cascader\cascad
er.js

- 即将开始启动编译，请稍等~
[2K[1A[2K[1A[2K[1A[2K[1A[2K[1A[2K[1A[2K[1A[2K[G
● Webpack █████████████████████████ building (12%) 0/1 entries 2500/3362 depen
dencies 269/728 modules 382 active 
 ...l-loader › node_modules\@nutui\nutui-react-taro\dist\es\packages\steps\ste
ps.js

- 即将开始启动编译，请稍等~
[2K[1A[2K[1A[2K[1A[2K[1A[2K[1A[2K[1A[2K[1A[2K[G
● Webpack █████████████████████████ building (13%) 0/1 entries 3404/3431 depen
dencies 276/1008 modules 376 active 
 ...bel-loader › node_modules\@nutui\nutui-react-taro\dist\es\packages\step\st
ep.js

- 即将开始启动编译，请稍等~
[2K[1A[2K[1A[2K[1A[2K[1A[2K[1A[2K[1A[2K[1A[2K[G
● Webpack █████████████████████████ building (14%) 0/1 entries 3629/3673 depen
dencies 416/1011 modules 312 active 
 node_modules\react-transition-group\esm\index.js

- 即将开始启动编译，请稍等~
[2K[1A[2K[1A[2K[1A[2K[1A[2K[1A[2K[1A[2K[G
● Webpack █████████████████████████ building (15%) 0/1 entries 3673/3910 depen
dencies 492/1022 modules 308 active 
 ...-loader › node_modules\@nutui\nutui-react-taro\dist\es\types\spec\space\ba
se.js

- 即将开始启动编译，请稍等~
[2K[1A[2K[1A[2K[1A[2K[1A[2K[1A[2K[1A[2K[1A[2K[G
● Webpack █████████████████████████ building (15%) 0/1 entries 3910/3910 depen
dencies 506/1229 modules 370 active 
 ...l-loader › node_modules\@nutui\nutui-react-taro\dist\es\types\spec\lottie\
h5.js

- 即将开始启动编译，请稍等~
[2K[1A[2K[1A[2K[1A[2K[1A[2K[1A[2K[1A[2K[1A[2K[G
● Webpack █████████████████████████ building (16%) 0/1 entries 3910/3910 depen
dencies 571/1229 modules 314 active 
 ...r › node_modules\@nutui\nutui-react-taro\dist\es\types\spec\inputnumber\ba
se.js

- 即将开始启动编译，请稍等~
[2K[1A[2K[1A[2K[1A[2K[1A[2K[1A[2K[1A[2K[1A[2K[G
● Webpack █████████████████████████ building (17%) 0/1 entries 3910/3910 depen
dencies 646/1229 modules 314 active 
 ...ader › node_modules\@nutui\nutui-react-taro\dist\es\types\spec\checkbox\ba
se.js

- 即将开始启动编译，请稍等~
[2K[1A[2K[1A[2K[1A[2K[1A[2K[1A[2K[1A[2K[1A[2K[G
● Webpack █████████████████████████ building (17%) 0/1 entries 3911/3923 depen
dencies 720/1229 modules 315 active 
 ...l-loader › node_modules\@nutui\icons-react-taro\dist\es\icons\ArrowDownSma
ll.js

- 即将开始启动编译，请稍等~
[2K[1A[2K[1A[2K[1A[2K[1A[2K[1A[2K[1A[2K[1A[2K[G
● Webpack █████████████████████████ building (18%) 0/1 entries 4273/4296 depen
dencies 778/1234 modules 322 active 
 ...abel-loader › node_modules\@nutui\icons-react-taro\dist\es\icons\FollowAdd
ed.js

- 即将开始启动编译，请稍等~
[2K[1A[2K[1A[2K[1A[2K[1A[2K[1A[2K[1A[2K[1A[2K[G
● Webpack █████████████████████████ building (18%) 0/1 entries 4610/4671 depen
dencies 778/1234 modules 397 active 
 babel-loader › node_modules\@nutui\icons-react-taro\dist\es\icons\ScanF.js

- 即将开始启动编译，请稍等~
[2K[1A[2K[1A[2K[1A[2K[1A[2K[1A[2K[1A[2K[G
● Webpack █████████████████████████ building (21%) 0/1 entries 4920/4922 depen
dencies 1055/1236 modules 181 active 
 ...pp\apps\customer-mini\node_modules\@swc\helpers\esm\_assert_this_initializ
ed.js

- 即将开始启动编译，请稍等~
[2K[1A[2K[1A[2K[1A[2K[1A[2K[1A[2K[1A[2K[1A[2K[G
● Webpack █████████████████████████ building (21%) 0/1 entries 4925/4925 depen
dencies 1070/1240 modules 169 active 
 node_modules\css-loader\dist\runtime\noSourceMaps.js

- 即将开始启动编译，请稍等~
[2K[1A[2K[1A[2K[1A[2K[1A[2K[1A[2K[1A[2K[G
● Webpack █████████████████████████ building (21%) 0/1 entries 4930/4930 depen
dencies 1083/1243 modules 160 active 
 node_modules\ics\dist\pipeline\index.js

- 即将开始启动编译，请稍等~
[2K[1A[2K[1A[2K[1A[2K[1A[2K[1A[2K[1A[2K[G
● Webpack █████████████████████████ building (22%) 0/1 entries 4965/4970 depen
dencies 1098/1266 modules 167 active 
 ...3-267fc560\philia-app\apps\customer-mini\node_modules\lodash-es\_baseIsMat
ch.js

- 即将开始启动编译，请稍等~
[2K[1A[2K[1A[2K[1A[2K[1A[2K[1A[2K[1A[2K[1A[2K[G
● Webpack █████████████████████████ building (22%) 0/1 entries 5030/5042 depen
dencies 1113/1314 modules 189 active 
 ...3-267fc560\philia-app\apps\customer-mini\node_modules\lodash-es\_equalArra
ys.js

- 即将开始启动编译，请稍等~
[2K[1A[2K[1A[2K[1A[2K[1A[2K[1A[2K[1A[2K[1A[2K[G
● Webpack █████████████████████████ building (23%) 0/1 entries 5147/5147 depen
dencies 1223/1378 modules 155 active 
 ...-22-13-267fc560\philia-app\apps\customer-mini\node_modules\query-string\ba
se.js

- 即将开始启动编译，请稍等~
[2K[1A[2K[1A[2K[1A[2K[1A[2K[1A[2K[1A[2K[1A[2K[G
● Webpack █████████████████████████ building (23%) 0/1 entries 5209/5209 depen
dencies 1259/1400 modules 141 active 
 node_modules\prop-types\factoryWithThrowingShims.js

- 即将开始启动编译，请稍等~
[2K[1A[2K[1A[2K[1A[2K[1A[2K[1A[2K[1A[2K[G
● Webpack █████████████████████████ building (24%) 0/1 entries 5270/5289 depen
dencies 1278/1428 modules 147 active 
 ...-13-267fc560\philia-app\apps\customer-mini\node_modules\swiper\shared\util
s.mjs

- 即将开始启动编译，请稍等~
[2K[1A[2K[1A[2K[1A[2K[1A[2K[1A[2K[1A[2K[1A[2K[G
● Webpack █████████████████████████ building (24%) 0/1 entries 5295/5295 depen
dencies 1334/1433 modules 99 active 
 node_modules\path-to-regexp\dist.es2015\index.js

- 即将开始启动编译，请稍等~
[2K[1A[2K[1A[2K[1A[2K[1A[2K[1A[2K[1A[2K[G
● Webpack █████████████████████████ building (25%) 0/1 entries 5322/5322 depen
dencies 1435/1446 modules 10 active 
 node_modules\style-loader\dist\runtime\setAttributesWithoutAttributes.js

- 即将开始启动编译，请稍等~
[2K[1A[2K[1A[2K[1A[2K[1A[2K[1A[2K[1A[2K[G
● Webpack █████████████████████████ sealing (73%)  
 after chunk graph

- 即将开始启动编译，请稍等~
[2K[1A[2K[1A[2K[1A[2K[1A[2K[1A[2K[G
● Webpack █████████████████████████ sealing (88%)  
 runtime requirements

- 即将开始启动编译，请稍等~
(node:39388) [DEP_WEBPACK_TEMPLATE_PATH_PLUGIN_REPLACE_PATH_VARIABLES_HASH] DeprecationWarning: [hash] is now [fullhash] (also consider using [chunkhash] or [contenthash], see documentation for details)
(Use `node --trace-deprecation ...` to show where the warning was created)
[2K[1A[2K[1A[2K[1A[2K[1A[2K[1A[2K[1A[2K[1A[2K[G
● Webpack █████████████████████████ sealing (92%) asset processing 
 CssMinimizerPlugin

- 即将开始启动编译，请稍等~
(node:39388) [DEP_WEBPACK_TEMPLATE_PATH_PLUGIN_REPLACE_PATH_VARIABLES_HASH] DeprecationWarning: [hash] is now [fullhash] (also consider using [chunkhash] or [contenthash], see documentation for details)
(Use `node --trace-deprecation ...` to show where the warning was created)
[2K[1A[2K[1A[2K[1A[2K[1A[2K[1A[2K[1A[2K[1A[2K[G
● Webpack █████████████████████████ sealing (92%) asset processing 
 HtmlWebpackPlugin

- 即将开始启动编译，请稍等~
(node:39388) [DEP_WEBPACK_TEMPLATE_PATH_PLUGIN_REPLACE_PATH_VARIABLES_HASH] DeprecationWarning: [hash] is now [fullhash] (also consider using [chunkhash] or [contenthash], see documentation for details)
(Use `node --trace-deprecation ...` to show where the warning was created)
[2K[1A[2K[1A[2K[1A[2K[1A[2K[1A[2K[1A[2K[1A[2K[G
● Webpack █████████████████████████ sealing (92%) asset processing 
 weapp-tailwindcss-webpack-plugin

- 即将开始启动编译，请稍等~
(node:39388) [DEP_WEBPACK_TEMPLATE_PATH_PLUGIN_REPLACE_PATH_VARIABLES_HASH] DeprecationWarning: [hash] is now [fullhash] (also consider using [chunkhash] or [contenthash], see documentation for details)
(Use `node --trace-deprecation ...` to show where the warning was created)
[2K[1A[2K[1A[2K[1A[2K[1A[2K[1A[2K[1A[2K[1A[2K[G
● Webpack █████████████████████████ sealing (92%) asset processing 
 RealContentHashPlugin

- 即将开始启动编译，请稍等~
(node:39388) [DEP_WEBPACK_TEMPLATE_PATH_PLUGIN_REPLACE_PATH_VARIABLES_HASH] DeprecationWarning: [hash] is now [fullhash] (also consider using [chunkhash] or [contenthash], see documentation for details)
(Use `node --trace-deprecation ...` to show where the warning was created)
[2K[1A[2K[1A[2K[1A[2K[1A[2K[1A[2K[1A[2K[1A[2K[G
√ Webpack
  Compiled successfully in 9.19s

- 即将开始启动编译，请稍等~
(node:39388) [DEP_WEBPACK_TEMPLATE_PATH_PLUGIN_REPLACE_PATH_VARIABLES_HASH] DeprecationWarning: [hash] is now [fullhash] (also consider using [chunkhash] or [contenthash], see documentation for details)
(Use `node --trace-deprecation ...` to show where the warning was created)
⚠️ Warnings: 

EntrypointsOverSizeLimitWarning: entrypoint size limit: The following entrypoint(s) combined asset size exceeds the recommended limit (244 KiB). This can impact web performance.
Entrypoints:
  app (314 KiB)
      js/245.4e244477.js
      css/app.4e2444773ff6d5bd4bbc.css
      js/app.4e244477.js

ℹ Stats: 

assets by path [1m[32mjs/*.js[39m[22m 393 KiB
  asset [1m[32mjs/app.4e244477.js[39m[22m 213 KiB [1m[32m[emitted][39m[22m [1m[32m[immutable][39m[22m [1m[32m[minimized][39m[22m (name: app) 1 related asset
  asset [1m[32mjs/245.4e244477.js[39m[22m 98.2 KiB [1m[32m[emitted][39m[22m [1m[32m[immutable][39m[22m [1m[32m[minimized][39m[22m (id hint: taro) 1 related asset
  asset [1m[32mjs/55.fe6a5395.js[39m[22m 25.3 KiB [1m[32m[emitted][39m[22m [1m[32m[immutable][39m[22m [1m[32m[minimized][39m[22m 1 related asset
  asset [1m[32mjs/111.75ba423f.js[39m[22m 17.4 KiB [1m[32m[emitted][39m[22m [1m[32m[immutable][39m[22m [1m[32m[minimized][39m[22m 1 related asset
  asset [1m[32mjs/252.a7bec7ed.js[39m[22m 16.8 KiB [1m[32m[emitted][39m[22m [1m[32m[immutable][39m[22m [1m[32m[minimized][39m[22m 1 related asset
  asset [1m[32mjs/624.84769ff6.js[39m[22m 16.8 KiB [1m[32m[emitted][39m[22m [1m[32m[immutable][39m[22m [1m[32m[minimized][39m[22m 1 related asset
  asset [1m[32mjs/169.1b0d46eb.js[39m[22m 4.92 KiB [1m[32m[emitted][39m[22m [1m[32m[immutable][39m[22m [1m[32m[minimized][39m[22m 1 related asset
assets by path [1m[32mcss/*.css[39m[22m 5.85 KiB
  asset [1m[32mcss/55.fe6a5395d2066ca17481.css[39m[22m 3.22 KiB [1m[32m[emitted][39m[22m [1m[32m[immutable][39m[22m [1m[32m[minimized][39m[22m
  asset [1m[32mcss/app.4e2444773ff6d5bd4bbc.css[39m[22m 2.63 KiB [1m[32m[emitted][39m[22m [1m[32m[immutable][39m[22m [1m[32m[minimized][39m[22m (name: app)
asset [1m[32mindex.html[39m[22m 480 bytes [1m[32m[emitted][39m[22m
Entrypoint [1mapp[39m[22m [1m[33m[big][39m[22m 314 KiB = [1m[32mjs/245.4e244477.js[39m[22m 98.2 KiB [1m[32mcss/app.4e2444773ff6d5bd4bbc.css[39m[22m 2.63 KiB [1m[32mjs/app.4e244477.js[39m[22m 213 KiB

[1m[33mWARNING[39m[22m in [1mentrypoint size limit: The following entrypoint(s) combined asset size exceeds the recommended limit (244 KiB). This can impact web performance.
Entrypoints:
  app (314 KiB)
      js/245.4e244477.js
      css/app.4e2444773ff6d5bd4bbc.css
      js/app.4e244477.js
[39m[22m

webpack 5.91.0 compiled with [1m[33m1 warning[39m[22m in 9195 ms
⚠️  编译警告. 2026/9/10 18:43:13

EntrypointsOverSizeLimitWarning: entrypoint size limit: The following entrypoint(s) combined asset size exceeds the recommended limit (244 KiB). This can impact web performance.
Entrypoints:
  app (314 KiB)
      js/245.4e244477.js
      css/app.4e2444773ff6d5bd4bbc.css
      js/app.4e244477.js

assets by path [1m[32mjs/*.js[39m[22m 393 KiB
  asset [1m[32mjs/app.4e244477.js[39m[22m 213 KiB [1m[32m[emitted][39m[22m [1m[32m[immutable][39m[22m [1m[32m[minimized][39m[22m (name: app) 1 related asset
  asset [1m[32mjs/245.4e244477.js[39m[22m 98.2 KiB [1m[32m[emitted][39m[22m [1m[32m[immutable][39m[22m [1m[32m[minimized][39m[22m (id hint: taro) 1 related asset
  asset [1m[32mjs/55.fe6a5395.js[39m[22m 25.3 KiB [1m[32m[emitted][39m[22m [1m[32m[immutable][39m[22m [1m[32m[minimized][39m[22m 1 related asset
  asset [1m[32mjs/111.75ba423f.js[39m[22m 17.4 KiB [1m[32m[emitted][39m[22m [1m[32m[immutable][39m[22m [1m[32m[minimized][39m[22m 1 related asset
  asset [1m[32mjs/252.a7bec7ed.js[39m[22m 16.8 KiB [1m[32m[emitted][39m[22m [1m[32m[immutable][39m[22m [1m[32m[minimized][39m[22m 1 related asset
  asset [1m[32mjs/624.84769ff6.js[39m[22m 16.8 KiB [1m[32m[emitted][39m[22m [1m[32m[immutable][39m[22m [1m[32m[minimized][39m[22m 1 related asset
  asset [1m[32mjs/169.1b0d46eb.js[39m[22m 4.92 KiB [1m[32m[emitted][39m[22m [1m[32m[immutable][39m[22m [1m[32m[minimized][39m[22m 1 related asset
assets by path [1m[32mcss/*.css[39m[22m 5.85 KiB
  asset [1m[32mcss/55.fe6a5395d2066ca17481.css[39m[22m 3.22 KiB [1m[32m[emitted][39m[22m [1m[32m[immutable][39m[22m [1m[32m[minimized][39m[22m
  asset [1m[32mcss/app.4e2444773ff6d5bd4bbc.css[39m[22m 2.63 KiB [1m[32m[emitted][39m[22m [1m[32m[immutable][39m[22m [1m[32m[minimized][39m[22m (name: app)
asset [1m[32mindex.html[39m[22m 480 bytes [1m[32m[emitted][39m[22m
Entrypoint [1mapp[39m[22m [1m[33m[big][39m[22m 314 KiB = [1m[32mjs/245.4e244477.js[39m[22m 98.2 KiB [1m[32mcss/app.4e2444773ff6d5bd4bbc.css[39m[22m 2.63 KiB [1m[32mjs/app.4e244477.js[39m[22m 213 KiB

[1m[33mWARNING[39m[22m in [1mentrypoint size limit: The following entrypoint(s) combined asset size exceeds the recommended limit (244 KiB). This can impact web performance.
Entrypoints:
  app (314 KiB)
      js/245.4e244477.js
      css/app.4e2444773ff6d5bd4bbc.css
      js/app.4e244477.js
[39m[22m

webpack 5.91.0 compiled with [1m[33m1 warning[39m[22m in 9195 ms

