
> @philia/server@0.1.0 db:seed
> tsx src/db/seed.ts

[seed] 开始（先清空业务表，保证幂等）…
[seed] 完成，各表行数：
  users                  6
  user_roles             6
  stores                 1
  staff                  4
  staff_invites          0
  pets                   2
  services               7
  appointments           0
  store_slots            154
  boarding_slots         0
  appointment_steps      0
  step_photos            0
  boarding_stays         0
  boarding_daily_logs    0
  products               13
  orders                 0
  cashier_bills          0
  cashier_bill_items     0
  cashier_payments       0
  push_subscriptions     0
  event_outbox           0
  notifications          0
  attendance_records     0
  attendance_approvals   0
  stock_movements        0
  inventory_counts       0
  inventory_count_items  0
  commission_rules       22
  commission_snapshots   0
  deduction_records      0
  performance_grades     0
  reception_logs         0
  overwork_approvals     0
  xp_events              0
  xp_levels              0
  xp_rules               23
  reviews                0
  rule_config_versions   0
