
> philia@0.0.0 build
> npm run build -w @philia/customer && npm run build -w @philia/merchant && npm run build -w @philia/staff


> @philia/customer@0.0.0 build
> tsc -b && vite build

vite v7.3.6 building client environment for production...
transforming...
node_modules/zod/v4/core/regexes.js (70:0): A comment

"/** Anchors a pattern source. The interpolation lives here rather than at the call site because
 * esbuild will not drop a `@__PURE__` call whose own argument interpolates a variable, but it
 * will drop `anchor(dateSource)`. Keeping it inline pinned `date` into every bundle. */"

in "node_modules/zod/v4/core/regexes.js" contains an annotation that Rollup cannot interpret due to the position of the comment. The comment will be removed to avoid issues.
node_modules/zod/v4/core/util.js (330:0): A comment

"// Wrapped in a `@__PURE__` IIFE: esbuild never tree-shakes a top-level initializer that contains a member access on `Number`, so the bare object literal survived into every bundle."

in "node_modules/zod/v4/core/util.js" contains an annotation that Rollup cannot interpret due to the position of the comment. The comment will be removed to avoid issues.
✓ 2323 modules transformed.
rendering chunks...
computing gzip size...
dist/registerSW.js                0.13 kB
dist/manifest.webmanifest         0.38 kB
dist/index.html                   0.75 kB │ gzip:   0.44 kB
dist/assets/index-4c8nBNVH.css  102.65 kB │ gzip:  16.98 kB
dist/assets/index-BiEZqoM4.js   781.95 kB │ gzip: 217.55 kB

(!) Some chunks are larger than 500 kB after minification. Consider:
- Using dynamic import() to code-split the application
- Use build.rollupOptions.output.manualChunks to improve chunking: https://rollupjs.org/configuration-options/#output-manualchunks
- Adjust chunk size limit for this warning via build.chunkSizeWarningLimit.
✓ built in 3.45s

PWA v1.3.0
mode      generateSW
precache  7 entries (864.72 KiB)
files generated
  dist/sw.js
  dist/workbox-9c191d2f.js

> @philia/merchant@0.0.0 build
> tsc -b && vite build

vite v7.3.6 building client environment for production...
transforming...
✓ 1873 modules transformed.
rendering chunks...
computing gzip size...
dist/registerSW.js                0.13 kB
dist/manifest.webmanifest         0.40 kB
dist/index.html                   0.75 kB │ gzip:   0.44 kB
dist/assets/index-D9HknDW5.css  111.69 kB │ gzip:  18.57 kB
dist/assets/index-DW4bk9Be.js   721.55 kB │ gzip: 193.43 kB

(!) Some chunks are larger than 500 kB after minification. Consider:
- Using dynamic import() to code-split the application
- Use build.rollupOptions.output.manualChunks to improve chunking: https://rollupjs.org/configuration-options/#output-manualchunks
- Adjust chunk size limit for this warning via build.chunkSizeWarningLimit.
✓ built in 3.02s

PWA v1.3.0
mode      generateSW
precache  7 entries (814.57 KiB)
files generated
  dist/sw.js
  dist/workbox-9c191d2f.js

> @philia/staff@0.0.0 build
> tsc -b && vite build

vite v7.3.6 building client environment for production...
transforming...
✓ 2147 modules transformed.
rendering chunks...
computing gzip size...
dist/registerSW.js                   0.13 kB
dist/manifest.webmanifest            0.40 kB
dist/index.html                      0.75 kB │ gzip:   0.43 kB
dist/assets/index-CzTCj6fN.css      98.35 kB │ gzip:  16.35 kB
dist/assets/QrScanner-BLiv11Pr.js  141.53 kB │ gzip:  51.27 kB
dist/assets/index-CoxekXwr.js      482.17 kB │ gzip: 142.14 kB
✓ built in 2.98s

PWA v1.3.0
mode      generateSW
precache  8 entries (705.99 KiB)
files generated
  dist/sw.js
  dist/workbox-9c191d2f.js
BUILD_EXIT=0
