导航闭环体检（W1 §六 harness）：51 路由 · 四要素检测
[customer] dev-login ✓
✅ [customer] /home —— OK back=false dock=true 出口钮=false
✅ [customer] /mall —— OK back=false dock=true 出口钮=false
✅ [customer] /me —— OK back=false dock=true 出口钮=false
✅ [customer] /philia —— OK back=false dock=true 出口钮=false
✅ [customer] /booking —— OK back=true dock=false 出口钮=false
✅ [customer] /booking/grooming —— OK back=true dock=false 出口钮=false
✅ [customer] /booking/grooming/wizard —— OK back=true dock=false 出口钮=false
✅ [customer] /booking/boarding —— OK back=true dock=false 出口钮=false
✅ [customer] /booking/boarding/wizard —— OK back=true dock=false 出口钮=false
✅ [customer] /booking/success?aid=01M2SW1M3YQ9AT8SH6T05Z69M3 —— OK back=true dock=false 出口钮=true
✅ [customer] /appointments —— OK back=true dock=false 出口钮=false
✅ [customer] /appointments/01M2SW1M3YQ9AT8SH6T05Z69M3 —— OK back=true dock=false 出口钮=false
✅ [customer] /appointments/01M2SW1M3YQ9AT8SH6T05Z69M3/live —— OK back=true dock=false 出口钮=false
✅ [customer] /mall/orders —— OK back=true dock=false 出口钮=false
✅ [customer] /mall/cart —— OK back=true dock=false 出口钮=true
✅ [customer] /mall/checkout —— OK back=true dock=false 出口钮=true
✅ [customer] /mall/product/01M2S57Y960FYBQ4H8SQGP2396 —— OK（商品 id 缺失时守卫口径） back=false dock=false 出口钮=true
✅ [customer] /me/card —— OK back=true dock=false 出口钮=false
✅ [customer] /philia/member —— OK back=true dock=false 出口钮=false
✅ [customer] /philia/moments —— OK back=true dock=false 出口钮=false
✅ [customer] /philia/pets —— OK back=true dock=false 出口钮=false
➖ [customer] /dev-login —— 豁免 门禁页
➖ [customer] /login —— 豁免（门禁别名） 门禁页
[merchant] dev-login ✓
✅ [merchant] /dashboard —— OK back=false dock=true 出口钮=false
✅ [merchant] /appointments —— OK back=false dock=true 出口钮=false
✅ [merchant] /appointments/01M2SW1M3YQ9AT8SH6T05Z69M3 —— OK back=false dock=true 出口钮=false
✅ [merchant] /monitor —— OK back=false dock=true 出口钮=false
✅ [merchant] /monitor/01M2SW1M3YQ9AT8SH6T05Z69M3 —— OK back=false dock=true 出口钮=false
✅ [merchant] /boarding —— OK back=false dock=true 出口钮=false
✅ [merchant] /orders —— OK back=false dock=true 出口钮=false
✅ [merchant] /products —— OK back=false dock=true 出口钮=false
✅ [merchant] /pass —— OK back=false dock=true 出口钮=false
✅ [merchant] /staff —— OK back=false dock=true 出口钮=false
✅ [merchant] /finance —— OK back=false dock=true 出口钮=false
✅ [merchant] /settings —— OK back=false dock=true 出口钮=false
✅ [merchant] /cashier —— OK back=false dock=true 出口钮=false
✅ [merchant] /cashier/records —— OK back=false dock=true 出口钮=false
✅ [merchant] /cashier/close —— OK back=false dock=true 出口钮=false
➖ [merchant] /dev-login —— 豁免 门禁页
➖ [merchant] /login —— 豁免 门禁页
✅ [merchant] /passes —— OK（重定向兼容） back=false dock=true 出口钮=false
✅ [merchant] /live —— OK（重定向→/monitor） back=false dock=true 出口钮=false
✅ [merchant] / —— OK（重定向→/dashboard） back=false dock=true 出口钮=false
➖ [merchant] /dev-login —— 豁免 门禁页
[staff] dev-login ✓
✅ [staff] /today —— OK back=false dock=true 出口钮=false
✅ [staff] /history —— OK back=false dock=true 出口钮=false
✅ [staff] /me —— OK back=false dock=true 出口钮=false
✅ [staff] /execute/01M2SW1M3YQ9AT8SH6T05Z69M3 —— OK（异常态守卫页亦须出口） back=false dock=false 出口钮=true
✅ [staff] /boarding/01000000000000000000000000/checkin —— OK（异常态守卫页（W1 弱出口已按钮化）） back=false dock=false 出口钮=true
➖ [staff] /dev-login —— 豁免 门禁页
✅ [staff] / —— OK（重定向→/today） back=false dock=true 出口钮=false

===== 体检汇总：51 路由 · 死胡同 0 · 弱 0 · 豁免 6 =====
