✅ [customer] /dev-login —— 200 + 非空白 + 锚点/守卫命中
✅ [customer] / —— 200 + 非空白 + 锚点/守卫命中（B9a 根路径重定向 + B9.3 新首页锚点；U4：首页双态——服务中态图注为「洗护进行中」）
✅ [customer] /home —— 200 + 非空白 + 锚点/守卫命中（B9.3 首页完整改版；U4：双态锚点（常态/服务中））
✅ [customer] /mall —— 200 + 非空白 + 锚点/守卫命中
✅ [customer] /mall/cart —— 200 + 非空白 + 锚点/守卫命中（U4-D3：购物袋口径（试样同词））
✅ [customer] /mall/checkout —— 200 + 非空白 + 锚点/守卫命中（B3 修复路由）
✅ [customer] /mall/orders —— 200 + 非空白 + 锚点/守卫命中（A2 白屏群）
✅ [customer] /mall/orders/ —— 200 + 非空白 + 锚点/守卫命中（尾斜杠变体）
✅ [customer] /booking —— 200 + 非空白 + 锚点/守卫命中（B9.3 中间层 hub 退役直达单屏）
✅ [customer] /booking/success?aid=01M2SW1M3YQ9AT8SH6T05Z69M3 —— 200 + 非空白 + 锚点/守卫命中（W1-D1：交易成功页双出口+返回键闭环）
✅ [customer] /booking/success/?aid=01M2SW1M3YQ9AT8SH6T05Z69M3 —— 200 + 非空白 + 锚点/守卫命中（尾斜杠变体）
✅ [customer] /booking/grooming —— 200 + 非空白 + 锚点/守卫命中（B4 修复路由）
✅ [customer] /booking/grooming/ —— 200 + 非空白 + 锚点/守卫命中（尾斜杠变体）
✅ [customer] /booking/success —— 200 + 非空白 + 锚点/守卫命中（B9a 任务B 一键再约落点）
✅ [customer] /appointments —— 200 + 非空白 + 锚点/守卫命中
✅ [customer] /appointments/01M2SW1M3YQ9AT8SH6T05Z69M3 —— 200 + 非空白 + 锚点/守卫命中（A1 白屏群）
✅ [customer] /philia/pets —— 200 + 非空白 + 锚点/守卫命中（A4 白屏群）
✅ [customer] /philia/moments —— 200 + 非空白 + 锚点/守卫命中（A4 白屏群）
✅ [customer] /me/card —— 200 + 非空白 + 锚点/守卫命中（U1-H 新路由）
✅ [merchant] /dev-login —— 200 + 非空白 + 锚点/守卫命中
✅ [merchant] /dashboard —— 200 + 非空白 + 锚点/守卫命中
✅ [merchant] /monitor —— 200 + 非空白 + 锚点/守卫命中（B2 修复路由；U3 墨轨改版锚点）
✅ [merchant] /monitor/ —— 200 + 非空白 + 锚点/守卫命中（尾斜杠变体）
✅ [merchant] /monitor/01M2SW1M3YQ9AT8SH6T05Z69M3 —— 200 + 非空白 + 锚点/守卫命中（B2 别名深链；U3 锚点）
✅ [merchant] /login —— 200 + 非空白 + 锚点/守卫命中（U3 规范名登录页）
✅ [merchant] /pass —— 200 + 非空白 + 锚点/守卫命中（U3 规范名（/passes 重定向兼容））
✅ [merchant] /cashier —— 200 + 非空白 + 锚点/守卫命中（M1 新屏：收银台主屏）
✅ [merchant] /cashier/records —— 200 + 非空白 + 锚点/守卫命中（M1 新屏：收银流水）
✅ [merchant] /cashier/close —— 200 + 非空白 + 锚点/守卫命中（M1-补2 新屏：日结/交接班（clerk 引导页口径））
✅ [merchant] /live —— 200 + 非空白 + 锚点/守卫命中（B2 重定向；U3 锚点）
✅ [merchant] /appointments —— 200 + 非空白 + 锚点/守卫命中（A3 白屏群）
✅ [merchant] /appointments/01M2SW1M3YQ9AT8SH6T05Z69M3/monitor —— 200 + 非空白 + 锚点/守卫命中（P4 原深链；U3 锚点）
✅ [staff] /dev-login —— 200 + 非空白 + 锚点/守卫命中
✅ [staff] /today —— 200 + 非空白 + 锚点/守卫命中（U2 时间轴台 B′：顶栏「今天 · M月d日」+ dock 首栏（groomer=任务台/frontdesk=核销台））
✅ [staff] /execute/01M2SW1M3YQ9AT8SH6T05Z69M3 —— 200 + 非空白 + 锚点/守卫命中（B1 修复路由；U4：smoke 以首个 staff 种子（前台）登录，进他人 groomer 单命中设计内守卫态「无法执行该预约」）
✅ [staff] /execute/01M2SW1M3YQ9AT8SH6T05Z69M3/ —— 200 + 非空白 + 锚点/守卫命中（尾斜杠变体（同上守卫态口径））
✅ [staff] /boarding/01M2SW1M3YQ9AT8SH6T05Z69M3/checkin —— 200 + 非空白 + 锚点/守卫命中（W1：checkin 异常态弱出口已按钮化）
✅ [staff] /history —— 200 + 非空白 + 锚点/守卫命中
✅ [staff] /me —— 200 + 非空白 + 锚点/守卫命中

===== 路由冒烟汇总：39/39 通过 =====
结果 JSON：D:\KimiData\kimi\Workspaces\Philia\u4-pipeline\gate-logs-w1\smoke-routes.json
