
[场景1] 前台（小美）任务台
  ✓ 前台台渲染「今日任务」
  ✓ 前台台标注「前台接待」
  ✓ 前台台有「扫码核销」大按钮
  ✓ 前台台有待核销/已核销分组或空态
  [截图] c1-frontdesk-today.png
  ✓ 点按「扫码核销」成功唤起扫码层
  ✓ 扫码层出现「手动输入核销码」入口（无摄像头走手动码）
  [截图] c2-frontdesk-scanner.png
  ✓ 切换手动输入
  ✓ 人工码输入框出现（aria-label=人工核销码）
  [截图] c3-frontdesk-manual-code.png

[场景2] 美容师（阿强）任务台
  ✓ 美容师台渲染「今日任务」
  ✓ 美容师台标注「美容师」
  ✓ 美容师台无「扫码核销」入口（DOM 全文断言）
  ✓ 美容师台 DOM 无 QrScanner 人工码输入框
  ✓ 美容师台保留今日/未来 7 天分段
  [截图] c4-groomer-today.png

[场景3] 无 staff 记录用户空态
  ✓ 空态渲染「还未分配员工角色」
  ✓ 空态引导联系店主分配角色
  ✓ 空态不白屏不报错（无「扫码核销」、无任务列表）
  [截图] c5-nostaff-empty.png

任务 C 验收全部通过 ✅
