
> philia@0.0.0 build:merchant
> npm run build -w @philia/merchant


> @philia/merchant@0.0.0 build
> tsc -b && vite build

vite v7.3.6 building client environment for production...
transforming...
✓ 1869 modules transformed.
rendering chunks...
computing gzip size...
dist/registerSW.js                          0.13 kB
dist/manifest.webmanifest                   0.40 kB
dist/index.html                             0.75 kB │ gzip:   0.44 kB
dist/assets/philia-tab-icon-wiOD1Y2x.png   10.07 kB
dist/assets/index-Bi6JJisl.css             95.33 kB │ gzip:  15.90 kB
dist/assets/index-CLxS_Dvp.js             575.05 kB │ gzip: 159.16 kB

(!) Some chunks are larger than 500 kB after minification. Consider:
- Using dynamic import() to code-split the application
- Use build.rollupOptions.output.manualChunks to improve chunking: https://rollupjs.org/configuration-options/#output-manualchunks
- Adjust chunk size limit for this warning via build.chunkSizeWarningLimit.
✓ built in 2.58s

PWA v1.3.0
mode      generateSW
precache  7 entries (655.54 KiB)
files generated
  dist/sw.js
  dist/workbox-9c191d2f.js
