
> philia@0.0.0 build:customer
> npm run build -w @philia/customer


> @philia/customer@0.0.0 build
> tsc -b && vite build

vite v7.3.6 building client environment for production...
transforming...
node_modules/zod/v4/core/util.js (330:0): A comment

"// Wrapped in a `@__PURE__` IIFE: esbuild never tree-shakes a top-level initializer that contains a member access on `Number`, so the bare object literal survived into every bundle."

in "node_modules/zod/v4/core/util.js" contains an annotation that Rollup cannot interpret due to the position of the comment. The comment will be removed to avoid issues.
node_modules/zod/v4/core/regexes.js (70:0): A comment

"/** Anchors a pattern source. The interpolation lives here rather than at the call site because
 * esbuild will not drop a `@__PURE__` call whose own argument interpolates a variable, but it
 * will drop `anchor(dateSource)`. Keeping it inline pinned `date` into every bundle. */"

in "node_modules/zod/v4/core/regexes.js" contains an annotation that Rollup cannot interpret due to the position of the comment. The comment will be removed to avoid issues.
✓ 2323 modules transformed.
rendering chunks...
computing gzip size...
dist/registerSW.js                          0.13 kB
dist/manifest.webmanifest                   0.38 kB
dist/index.html                             0.75 kB │ gzip:   0.44 kB
dist/assets/philia-tab-icon-wiOD1Y2x.png   10.07 kB
dist/assets/index-COLK0JXA.css             96.37 kB │ gzip:  15.97 kB
dist/assets/index-DCl-9O5x.js             751.80 kB │ gzip: 209.71 kB

(!) Some chunks are larger than 500 kB after minification. Consider:
- Using dynamic import() to code-split the application
- Use build.rollupOptions.output.manualChunks to improve chunking: https://rollupjs.org/configuration-options/#output-manualchunks
- Adjust chunk size limit for this warning via build.chunkSizeWarningLimit.
✓ built in 3.63s

PWA v1.3.0
mode      generateSW
precache  7 entries (829.15 KiB)
files generated
  dist/sw.js
  dist/workbox-9c191d2f.js
