
> philia@0.0.0 build
> npm run build -w @philia/customer && npm run build -w @philia/merchant && npm run build -w @philia/staff


> @philia/customer@0.0.0 build
> tsc -b && vite build

vite v7.3.6 building client environment for production...
transforming...
node_modules/zod/v4/core/util.js (330:0): A comment

"// Wrapped in a `@__PURE__` IIFE: esbuild never tree-shakes a top-level initializer that contains a member access on `Number`, so the bare object literal survived into every bundle."

in "node_modules/zod/v4/core/util.js" contains an annotation that Rollup cannot interpret due to the position of the comment. The comment will be removed to avoid issues.
node_modules/zod/v4/core/regexes.js (70:0): A comment

"/** Anchors a pattern source. The interpolation lives here rather than at the call site because
 * esbuild will not drop a `@__PURE__` call whose own argument interpolates a variable, but it
 * will drop `anchor(dateSource)`. Keeping it inline pinned `date` into every bundle. */"

in "node_modules/zod/v4/core/regexes.js" contains an annotation that Rollup cannot interpret due to the position of the comment. The comment will be removed to avoid issues.
✓ 2382 modules transformed.
rendering chunks...
computing gzip size...
dist/registerSW.js                  0.13 kB
dist/manifest.webmanifest           0.38 kB
dist/index.html                     0.75 kB │ gzip:   0.44 kB
dist/assets/index-CR6ho3JY.css    125.20 kB │ gzip:  21.72 kB
dist/assets/index-orXUSMa5.js   1,062.45 kB │ gzip: 284.98 kB

(!) Some chunks are larger than 500 kB after minification. Consider:
- Using dynamic import() to code-split the application
- Use build.rollupOptions.output.manualChunks to improve chunking: https://rollupjs.org/configuration-options/#output-manualchunks
- Adjust chunk size limit for this warning via build.chunkSizeWarningLimit.
✓ built in 14.62s

PWA v1.3.0
mode      generateSW
precache  7 entries (1160.67 KiB)
files generated
  dist/sw.js
  dist/workbox-9c191d2f.js

> @philia/merchant@0.0.0 build
> tsc -b && vite build

vite v7.3.6 building client environment for production...
transforming...
✓ 1901 modules transformed.
rendering chunks...
computing gzip size...
dist/registerSW.js                0.13 kB
dist/manifest.webmanifest         0.40 kB
dist/index.html                   0.75 kB │ gzip:   0.44 kB
dist/assets/index-BaRJuriK.css  115.45 kB │ gzip:  19.23 kB
dist/assets/index-Bx_YoAKf.js   919.54 kB │ gzip: 237.10 kB

(!) Some chunks are larger than 500 kB after minification. Consider:
- Using dynamic import() to code-split the application
- Use build.rollupOptions.output.manualChunks to improve chunking: https://rollupjs.org/configuration-options/#output-manualchunks
- Adjust chunk size limit for this warning via build.chunkSizeWarningLimit.
✓ built in 2.88s

PWA v1.3.0
mode      generateSW
precache  7 entries (1011.59 KiB)
files generated
  dist/sw.js
  dist/workbox-9c191d2f.js

> @philia/staff@0.0.0 build
> tsc -b && vite build

vite v7.3.6 building client environment for production...
transforming...
✓ 2170 modules transformed.
rendering chunks...
computing gzip size...
dist/registerSW.js                   0.13 kB
dist/manifest.webmanifest            0.40 kB
dist/index.html                      0.75 kB │ gzip:   0.44 kB
dist/assets/index-bVF2j_hA.css     101.25 kB │ gzip:  16.88 kB
dist/assets/QrScanner-uXKyR9Fz.js  141.58 kB │ gzip:  51.30 kB
dist/assets/index-DBTph8XA.js      619.44 kB │ gzip: 170.50 kB

(!) Some chunks are larger than 500 kB after minification. Consider:
- Using dynamic import() to code-split the application
- Use build.rollupOptions.output.manualChunks to improve chunking: https://rollupjs.org/configuration-options/#output-manualchunks
- Adjust chunk size limit for this warning via build.chunkSizeWarningLimit.
✓ built in 2.81s

PWA v1.3.0
mode      generateSW
precache  8 entries (842.93 KiB)
files generated
  dist/sw.js
  dist/workbox-9c191d2f.js
BUILD_EXIT=0
