  ✓ 72.2 listNearby 透出门店电话（种子值 0571-88886666；ContactStore/AppDock 数据源）
  ✓ 72.2 门店电话维护口：owner 改值生效 + 非 owner 403（带端口出生）
  ✓ 72.3 ticketEscalate：status=escalated + escalatedAt/Note 落列 + timeline 追加 escalated + 店主通知 + 店长待办含升级件
  ✓ 72.3 重复升级幂等 + 他人升级 403 + 升级后店长可回复（escalated→replied）
  ✓ 72.3 已关闭工单升级硬拒 400（仲裁=在途件语义）
  ✓ 72.4 色板闸门：柠檬黄（已退役 v1.1 主色）在 customer/customer-mini/shared 源码全域零命中（VI V3 深棕主体）
  ✓ 72.5 空态闸门：六页 EmptyState 引用全命中 + 骨架三件导出在仓
  ✓ 72.5 骨架闸门：客户端骨架组件引用面 ≥10 个 tsx（广泛应用回归钉）
  ✓ 72.6 PWA 闸门：navigateFallback→/index.html 壳（API 前缀豁免）+ offline.html 品牌离线页在仓 + 安装引导（beforeinstallprompt/appinstalled）+ App.tsx 已挂载

[体验批片5] 73. 尾牙读口 5 件（前后值+对账）
  ✓ 73.1 储值负债聚合：本金/赠送分列前后值 +50000/+5000，合计+55000，户数+1；clerk 403
  ✓ 73.2 回馈金负债聚合：新会员开户 25800 → 负债 +25800，账户 +1
  ✓ 73.3 昨日营收：日期=昨日 + 夹具单 +8800 前后值 + 与 financeStats 同区间 serviceFen 同值（同源对账）
  ✓ 73.4 近 14 日 spark：14 格 + 昨日格与 yesterdayRevenue.totalFen 同值（同源）
  ✓ 73.5 差评聚合：总评 +2 / 差评 +1（≤2 星界值）/ 近十条含新差评行（未回复态）

[体验批片5] 74. 报表读口 D1-D9 / N1-N6（前后值+形状）
  ✓ 74.1 D1：收现口径 cashFen +12800（夹具散客单）+ 分摊口径字段在 + 会员散客分拆 nonMemberFen +12800 + byDay 下钻序列在
  ✓ 74.2 D2：byService 聚合 + 搭售率前后值（有附加项单 +1/总单已在 74.1 入月 delta=0）+ 附加项金额 +3000
  ✓ 74.3 D3：新增 +1（plan_zhuguang 档）+ 存量/活跃率字段在
  ✓ 74.4 D4：售卡充次 +10 / 扣次当月 +2 / 剩余次数负债 +4（次数口径）+ 趋势 6 格
  ✓ 74.5 D5：本月充值 +11000 + 期末负债字段 + 预收负债总额=储值负债+回馈金负债（恒等式）
  ✓ 74.6 D6：笔数/金额/类型分布+驳回率 1/2+原因聚类（服务不满意/价格争议）+环比增幅越过 30% 阈值预警亮
  ✓ 74.7 D7：员工行（丽丽）差评率/报告时效/复购率/申诉数列在 + guard 两件配齐透出
  ✓ 74.8 D8：宠物夜数前后值 +3（跨月交叠 3 晚）+ 入住率/每宠物夜营收/搭售率/超期字段在
  ✓ 74.9 D9：成交单销量 +2 / 销售额 +11800 + 动销率/周转字段在
  ✓ 74.10 N1：plans 四档 + 存量/新增/退出/升降级字段 + cohort 数组 + 74.3 夹具档新增可见
  ✓ 74.11 N2：到期 cohort 前后值（到期 +3=两夹具+预警户同窗口 / 顺延续费 +1）+ 预警名单含 15 天后到期户 + 回本率结构在
  ✓ 74.12 N3：期次行 发行/核销前后值 +1000/+300 精确（2099-01 期次套内已有夹具，钉 delta） + 期末负债=账户余额（25800 夹具含）+ 核销率字段在
  ✓ 74.13 N4：差评回复落列（repliedAt+tags）+ 回复率/标签聚类/分布字段透出
  ✓ 74.14 N5：完成单 +1 + 报告时效桶 within120 +1（60min 夹具）+ 照片覆盖/抽检字段在
  ✓ 74.15 N6：gate.appealChannel/correctionLog 双 true（附录 B 两件配齐点亮）+ 员工行差评率/时效/复购/申诉列在

[体验批片5] 75. 写口与闸（差评回复/N6 申诉/埋点/导出/导入/回馈金列）
  ✓ 75.1 差评回复闸：标签越集 400 + clerk 403
  ✓ 75.2 申诉入队 pending + 同人同目标幂等 duplicated + 审批队列可见（审批中心数据源）
  ✓ 75.2 复核负例：approved 缺 correction 400（兜底留痕铁规）+ rejected 缺 note 400
  ✓ 75.2 approved → correction_json 留痕 + 员工通知落行 + N4 纠错扣减读口径即时生效（correctedCount +1）+ 重复复核 400
  ✓ 75.3 埋点预埋：曝光/组件点击/核销回传三件落库（stats 前后值各 +1）+ 非法 eventType 400
  ✓ 75.4 CSV 导出=仅店主（manager/clerk 403）+ BOM 表头 + 真值行（12800 夹具在文）+ N7/N8 枚举外 400
  ✓ 75.5 模板六列形状 + 预览失败行回显（行 3 价格非法）零写入 + execute 失败行 400 零落账零批次行
  ✓ 75.5 全量合法 → 落账 +2 商品 + 批次行留痕（okRows=2/failRows=0）+ clerk 403
  ✓ 75.6 商城订单回馈金列透出真值（deduct 联单号=500）+ 无抵扣单=0（诚实零值）

[端口V2] 76. 注册表扩列 / 屏分组数据源 / 位置注留口
  ✓ 76.1 copy_overrides 扩 screen/position 落库（list 透出）+ 归屏率 >90%（军规 <10%）+ 已知键屏值抽查
  ✓ 76.2 位置注留口：config.save 带 position 改注即生效 + screen 沿用（字典写死不丢）
  ✓ 76.2 改文案不带 position → 位置注与屏名双沿用（save 新行归属不丢）
  ✓ 76.2 高危口令闸零回退：高危键无 confirmedHighRisk=400
  ✓ 76.3 activeCopyTexts 形状不变（3134 行 key→text，不透 screen/position 元数据）
  ✓ 76.4 未归屏诚实组存在且 <10%（生成器扫不到的字典未覆盖键，排末注记的数源）

[体验批片6] 77. rail 十九口转正 / dock「设置」转正（wnav 归并注册）
  ✓ 77.1 「运营 · 审批中心」一口转正（wnav.ops 键值逐字）+ 批次扩口组签/注记 4 键全库零残留
  ✓ 77.2 dock 第五槽「设置」转正（wnav.dockMe 键值逐字）+ 注记键 wnav.dockMeNote 撤除 + 商家端 wnav 域「我的」零残留（员工端 sk.* 不动）
  ✓ 验收结束：7220 端口无残留监听
  ✓ 种子库 data/philia.db 原样（size/mtime 未变）

全链路验收全部通过 ✅
E2E_EXIT=0
