
vite v7.3.6 building client environment for production...
transforming...
✓ 2190 modules transformed.
rendering chunks...
computing gzip size...
dist/registerSW.js                   0.13 kB
dist/manifest.webmanifest            0.40 kB
dist/index.html                      0.74 kB │ gzip:   0.43 kB
dist/assets/index-DfoOs3QT.css     113.33 kB │ gzip:  19.47 kB
dist/assets/QrScanner-OTw4FWys.js  141.75 kB │ gzip:  51.34 kB
dist/assets/index-DUH09Me8.js      721.52 kB │ gzip: 196.33 kB

(!) Some chunks are larger than 500 kB after minification. Consider:
- Using dynamic import() to code-split the application
- Use build.rollupOptions.output.manualChunks to improve chunking: https://rollupjs.org/configuration-options/#output-manualchunks
- Adjust chunk size limit for this warning via build.chunkSizeWarningLimit.
✓ built in 3.10s

PWA v1.3.0
mode      generateSW
precache  8 entries (954.55 KiB)
files generated
  dist/sw.js
  dist/workbox-9c191d2f.js
BUILD_EXIT=0
