PASS  dev-login 种子客户
PASS  洗护：宠物卡/门店行/时段栅格六段锚点
PASS  洗护：服务二选一照片大卡（洗澡/造型美容真实聚合）  — 洗澡5 项可选 · ¥68 起 | 造型美容1 项可选 · ¥198 起
PASS  洗护：服务 chips 保留（精确选择逻辑不动）  — chips=4
PASS  洗护：美容师横卡置顶「随缘派单」默认卡  — 随缘派单门店安排
PASS  洗护：员工卡真实数据（≥1 名）  — staff=4
PASS  洗护：日期余量透出（余 N）与约满透出  — 余量日=明天17余17,9月18日周五18余17,9月19日周六19余17,9月20日周日20余17,9月21日周一21余17,9月22日周二22余17 约满日=今天16约满
PASS  洗护：吸底安心行真实功能点文案  — 全程可见 · 照片记录
PASS  洗护：详情级无 dock + 返回圆钮
PASS  链路：底部半屏选宠（真实数据）  — clicked / 旺财狗狗 · 金毛寻回犬 · 28.5kg
PASS  链路：洗澡大卡点选=选中档内首个服务（真实选择）  — 基础洗护（小型犬）约 150 分钟 · ¥88
PASS  链路：时段可选并透出时间摘要行  — slot=10:00 summary=已选时间明天 10:00约 150 分钟
PASS  链路：吸底条可点态「确认预约 · ¥X · 约 N 分钟」  — 确认预约 · ¥88 · 约 150 分钟
PASS  链路：确认后落 /booking/success 成功页  — /booking/success?aid=01M2MYGFVB0K0D7ZJX7TAQ816Y
PASS  链路：成功页真实内容（预约成功 + 核销码区）
PASS  寄养：宠物卡/门店行/房型区锚点  — 标准间标准间寄养（犬）今晚剩余 2 间¥199/ 晚
PASS  寄养：吸底安心行真实功能点文案  — 每日照看日志 · 照片记录
PASS  寄养：详情级无 dock + 返回圆钮
PASS  点验：grooming 无死链（# / javascript: / 空 href）
PASS  点验：boarding 无死链（# / javascript: / 空 href）

== 汇总：20/20 PASS ==
