
> philia@0.0.0 build:merchant
> npm run build -w @philia/merchant


> @philia/merchant@0.0.0 build
> tsc -b && vite build

vite v7.3.6 building client environment for production...
transforming...
✓ 1866 modules transformed.
rendering chunks...
computing gzip size...
dist/registerSW.js                          0.14 kB
dist/manifest.webmanifest                   0.40 kB
dist/index.html                             0.76 kB │ gzip:   0.44 kB
dist/assets/philia-tab-icon-wiOD1Y2x.png   10.07 kB
dist/assets/index-y-Zv65bI.css             95.30 kB │ gzip:  15.89 kB
dist/assets/index-CYIn9r1n.js             566.18 kB │ gzip: 156.89 kB

(!) Some chunks are larger than 500 kB after minification. Consider:
- Using dynamic import() to code-split the application
- Use build.rollupOptions.output.manualChunks to improve chunking: https://rollupjs.org/configuration-options/#output-manualchunks
- Adjust chunk size limit for this warning via build.chunkSizeWarningLimit.
✓ built in 2.51s

PWA v1.3.0
mode      generateSW
precache  7 entries (646.85 KiB)
files generated
  dist/sw.js
  dist/workbox-9c191d2f.js
