
> philia@0.0.0 build
> npm run build -w @philia/customer && npm run build -w @philia/merchant && npm run build -w @philia/staff


> @philia/customer@0.0.0 build
> tsc -b && vite build

vite v7.3.6 building client environment for production...
transforming...
node_modules/zod/v4/core/regexes.js (70:0): A comment

"/** Anchors a pattern source. The interpolation lives here rather than at the call site because
 * esbuild will not drop a `@__PURE__` call whose own argument interpolates a variable, but it
 * will drop `anchor(dateSource)`. Keeping it inline pinned `date` into every bundle. */"

in "node_modules/zod/v4/core/regexes.js" contains an annotation that Rollup cannot interpret due to the position of the comment. The comment will be removed to avoid issues.
node_modules/zod/v4/core/util.js (330:0): A comment

"// Wrapped in a `@__PURE__` IIFE: esbuild never tree-shakes a top-level initializer that contains a member access on `Number`, so the bare object literal survived into every bundle."

in "node_modules/zod/v4/core/util.js" contains an annotation that Rollup cannot interpret due to the position of the comment. The comment will be removed to avoid issues.
✓ 2323 modules transformed.
rendering chunks...
computing gzip size...
dist/registerSW.js                0.13 kB
dist/manifest.webmanifest         0.38 kB
dist/index.html                   0.75 kB │ gzip:   0.44 kB
dist/assets/index-Bm7snLvD.css  102.72 kB │ gzip:  16.99 kB
dist/assets/index-DZucTYIv.js   784.82 kB │ gzip: 218.24 kB

(!) Some chunks are larger than 500 kB after minification. Consider:
- Using dynamic import() to code-split the application
- Use build.rollupOptions.output.manualChunks to improve chunking: https://rollupjs.org/configuration-options/#output-manualchunks
- Adjust chunk size limit for this warning via build.chunkSizeWarningLimit.
✓ built in 14.82s

PWA v1.3.0
mode      generateSW
precache  7 entries (867.60 KiB)
files generated
  dist/sw.js
  dist/workbox-9c191d2f.js

> @philia/merchant@0.0.0 build
> tsc -b && vite build

vite v7.3.6 building client environment for production...
transforming...
✓ 1878 modules transformed.
rendering chunks...
computing gzip size...
dist/registerSW.js                0.13 kB
dist/manifest.webmanifest         0.40 kB
dist/index.html                   0.75 kB │ gzip:   0.44 kB
dist/assets/index-Bmw7VkKu.css  113.27 kB │ gzip:  18.75 kB
dist/assets/index-X3i3KQQG.js   817.39 kB │ gzip: 214.15 kB

(!) Some chunks are larger than 500 kB after minification. Consider:
- Using dynamic import() to code-split the application
- Use build.rollupOptions.output.manualChunks to improve chunking: https://rollupjs.org/configuration-options/#output-manualchunks
- Adjust chunk size limit for this warning via build.chunkSizeWarningLimit.
✓ built in 2.84s

PWA v1.3.0
mode      generateSW
precache  7 entries (909.72 KiB)
files generated
  dist/sw.js
  dist/workbox-9c191d2f.js

> @philia/staff@0.0.0 build
> tsc -b && vite build

vite v7.3.6 building client environment for production...
transforming...
✓ 2154 modules transformed.
rendering chunks...
computing gzip size...
dist/registerSW.js                   0.13 kB
dist/manifest.webmanifest            0.40 kB
dist/index.html                      0.75 kB │ gzip:   0.44 kB
dist/assets/index-B02uxnCx.css      99.69 kB │ gzip:  16.57 kB
dist/assets/QrScanner-DP_1mrds.js  141.53 kB │ gzip:  51.27 kB
dist/assets/index-C6wiWKFP.js      593.31 kB │ gzip: 164.55 kB

(!) Some chunks are larger than 500 kB after minification. Consider:
- Using dynamic import() to code-split the application
- Use build.rollupOptions.output.manualChunks to improve chunking: https://rollupjs.org/configuration-options/#output-manualchunks
- Adjust chunk size limit for this warning via build.chunkSizeWarningLimit.
✓ built in 2.52s

PWA v1.3.0
mode      generateSW
precache  8 entries (815.83 KiB)
files generated
  dist/sw.js
  dist/workbox-9c191d2f.js
