
> philia@0.0.0 build
> npm run build -w @philia/customer && npm run build -w @philia/merchant && npm run build -w @philia/staff


> @philia/customer@0.0.0 build
> tsc -b && vite build

vite v7.3.6 building client environment for production...
transforming...
node_modules/zod/v4/core/regexes.js (70:0): A comment

"/** Anchors a pattern source. The interpolation lives here rather than at the call site because
 * esbuild will not drop a `@__PURE__` call whose own argument interpolates a variable, but it
 * will drop `anchor(dateSource)`. Keeping it inline pinned `date` into every bundle. */"

in "node_modules/zod/v4/core/regexes.js" contains an annotation that Rollup cannot interpret due to the position of the comment. The comment will be removed to avoid issues.
node_modules/zod/v4/core/util.js (330:0): A comment

"// Wrapped in a `@__PURE__` IIFE: esbuild never tree-shakes a top-level initializer that contains a member access on `Number`, so the bare object literal survived into every bundle."

in "node_modules/zod/v4/core/util.js" contains an annotation that Rollup cannot interpret due to the position of the comment. The comment will be removed to avoid issues.
✓ 2345 modules transformed.
rendering chunks...
computing gzip size...
dist/registerSW.js                0.13 kB
dist/manifest.webmanifest         0.38 kB
dist/index.html                   0.75 kB │ gzip:   0.44 kB
dist/assets/index-BBnohJXh.css  124.47 kB │ gzip:  21.58 kB
dist/assets/index-Csu99lWr.js   880.60 kB │ gzip: 243.48 kB

(!) Some chunks are larger than 500 kB after minification. Consider:
- Using dynamic import() to code-split the application
- Use build.rollupOptions.output.manualChunks to improve chunking: https://rollupjs.org/configuration-options/#output-manualchunks
- Adjust chunk size limit for this warning via build.chunkSizeWarningLimit.
✓ built in 3.22s

PWA v1.3.0
mode      generateSW
precache  7 entries (982.37 KiB)
files generated
  dist/sw.js
  dist/workbox-9c191d2f.js

> @philia/merchant@0.0.0 build
> tsc -b && vite build

vite v7.3.6 building client environment for production...
transforming...
✓ 1898 modules transformed.
rendering chunks...
computing gzip size...
dist/registerSW.js                0.13 kB
dist/manifest.webmanifest         0.40 kB
dist/index.html                   0.75 kB │ gzip:   0.44 kB
dist/assets/index-CYGkyi4_.css  115.30 kB │ gzip:  19.16 kB
dist/assets/index-BQ66oEry.js   880.90 kB │ gzip: 230.64 kB

(!) Some chunks are larger than 500 kB after minification. Consider:
- Using dynamic import() to code-split the application
- Use build.rollupOptions.output.manualChunks to improve chunking: https://rollupjs.org/configuration-options/#output-manualchunks
- Adjust chunk size limit for this warning via build.chunkSizeWarningLimit.
✓ built in 2.78s

PWA v1.3.0
mode      generateSW
precache  7 entries (973.72 KiB)
files generated
  dist/sw.js
  dist/workbox-9c191d2f.js

> @philia/staff@0.0.0 build
> tsc -b && vite build

vite v7.3.6 building client environment for production...
transforming...
✓ 2169 modules transformed.
rendering chunks...
computing gzip size...
dist/registerSW.js                   0.13 kB
dist/manifest.webmanifest            0.40 kB
dist/index.html                      0.75 kB │ gzip:   0.44 kB
dist/assets/index-bVF2j_hA.css     101.25 kB │ gzip:  16.88 kB
dist/assets/QrScanner-C-W9Uvrg.js  141.58 kB │ gzip:  51.30 kB
dist/assets/index-BRFU-myT.js      613.57 kB │ gzip: 169.00 kB

(!) Some chunks are larger than 500 kB after minification. Consider:
- Using dynamic import() to code-split the application
- Use build.rollupOptions.output.manualChunks to improve chunking: https://rollupjs.org/configuration-options/#output-manualchunks
- Adjust chunk size limit for this warning via build.chunkSizeWarningLimit.
✓ built in 2.65s

PWA v1.3.0
mode      generateSW
precache  8 entries (837.19 KiB)
files generated
  dist/sw.js
  dist/workbox-9c191d2f.js
BUILD_EXIT=0
