✅ [customer] /dev-login —— 200 + 非空白 + 锚点/守卫命中
✅ [customer] / —— 200 + 非空白 + 锚点/守卫命中（B9a 根路径重定向 + B9.3 新首页锚点；U4：首页双态——服务中态图注为「洗护进行中」）
✅ [customer] /home —— 200 + 非空白 + 锚点/守卫命中（B9.3 首页完整改版；U4：双态锚点（常态/服务中））
✅ [customer] /mall —— 200 + 非空白 + 锚点/守卫命中
✅ [customer] /mall/cart —— 200 + 非空白 + 锚点/守卫命中（U4-D3：购物袋口径（试样同词））
✅ [customer] /mall/checkout —— 200 + 非空白 + 锚点/守卫命中（B3 修复路由）
✅ [customer] /mall/orders —— 200 + 非空白 + 锚点/守卫命中（A2 白屏群）
✅ [customer] /mall/orders/ —— 200 + 非空白 + 锚点/守卫命中（尾斜杠变体）
✅ [customer] /booking —— 200 + 非空白 + 锚点/守卫命中（B9.3 中间层 hub 退役直达单屏）
✅ [customer] /booking/success?aid=01M368GGXY9JFJQSNXK4KP5EMN —— 200 + 非空白 + 锚点/守卫命中（W1-D1：交易成功页双出口+返回键闭环）
✅ [customer] /booking/success/?aid=01M368GGXY9JFJQSNXK4KP5EMN —— 200 + 非空白 + 锚点/守卫命中（尾斜杠变体）
✅ [customer] /booking/grooming —— 200 + 非空白 + 锚点/守卫命中（B4 修复路由）
✅ [customer] /booking/grooming/ —— 200 + 非空白 + 锚点/守卫命中（尾斜杠变体）
✅ [customer] /booking/success —— 200 + 非空白 + 锚点/守卫命中（B9a 任务B 一键再约落点）
✅ [customer] /appointments —— 200 + 非空白 + 锚点/守卫命中
✅ [customer] /appointments/01M368GGXY9JFJQSNXK4KP5EMN —— 200 + 非空白 + 锚点/守卫命中（A1 白屏群）
✅ [customer] /philia/pets —— 200 + 非空白 + 锚点/守卫命中（A4 白屏群）
✅ [customer] /philia/moments —— 200 + 非空白 + 锚点/守卫命中（A4 白屏群）
✅ [customer] /me/card —— 200 + 非空白 + 锚点/守卫命中（U1-H 新路由）
✅ [customer] /member —— 200 + 非空白 + 锚点/守卫命中（批次 R11a）
✅ [customer] /member/open —— 200 + 非空白 + 锚点/守卫命中（批次 R11a）
✅ [merchant] /dev-login —— 200 + 非空白 + 锚点/守卫命中
✅ [merchant] /dashboard —— 200 + 非空白 + 锚点/守卫命中
✅ [merchant] /monitor —— 200 + 非空白 + 锚点/守卫命中（B2 修复路由；U3 墨轨改版锚点）
✅ [merchant] /monitor/ —— 200 + 非空白 + 锚点/守卫命中（尾斜杠变体）
✅ [merchant] /monitor/01M368GGXY9JFJQSNXK4KP5EMN —— 200 + 非空白 + 锚点/守卫命中（B2 别名深链；U3 锚点）
✅ [merchant] /login —— 200 + 非空白 + 锚点/守卫命中（U3 规范名登录页）
✅ [merchant] /pass —— 200 + 非空白 + 锚点/守卫命中（U3 规范名（/passes 重定向兼容））
✅ [merchant] /cashier —— 200 + 非空白 + 锚点/守卫命中（M1 新屏：收银台主屏）
✅ [merchant] /cashier/records —— 200 + 非空白 + 锚点/守卫命中（M1 新屏：收银流水）
✅ [merchant] /cashier/close —— 200 + 非空白 + 锚点/守卫命中（M1-补2 新屏：日结/交接班（clerk 引导页口径））
✅ [merchant] /cashier/refunds —— 200 + 非空白 + 锚点/守卫命中（批次 R12）
✅ [merchant] /settings/rules —— 200 + 非空白 + 锚点/守卫命中（批次 staff-2 R9-F：owner 登录渲染「规则配置管理」；manager 页内引导卡标题同含锚点，clerk 由 ClerkRouteGuard 拦截）
✅ [merchant] /live —— 200 + 非空白 + 锚点/守卫命中（B2 重定向；U3 锚点）
✅ [merchant] /appointments —— 200 + 非空白 + 锚点/守卫命中（A3 白屏群）
✅ [merchant] /appointments/01M368GGXY9JFJQSNXK4KP5EMN/monitor —— 200 + 非空白 + 锚点/守卫命中（P4 原深链；U3 锚点）
✅ [staff] /dev-login —— 200 + 非空白 + 锚点/守卫命中
✅ [staff] /today —— 200 + 非空白 + 锚点/守卫命中（U2 时间轴台 B′：顶栏「今天 · M月d日」+ dock 首栏（groomer=任务台/frontdesk=核销台））
✅ [staff] /execute/01M368GGXY9JFJQSNXK4KP5EMN —— 200 + 非空白 + 锚点/守卫命中（B1 修复路由；U4：smoke 以首个 staff 种子（前台）登录，进他人 groomer 单命中设计内守卫态「无法执行该预约」）
✅ [staff] /execute/01M368GGXY9JFJQSNXK4KP5EMN/ —— 200 + 非空白 + 锚点/守卫命中（尾斜杠变体（同上守卫态口径））
✅ [staff] /boarding/01M368GGXY9JFJQSNXK4KP5EMN/checkin —— 200 + 非空白 + 锚点/守卫命中（W1：checkin 异常态弱出口已按钮化）
✅ [staff] /history —— 200 + 非空白 + 锚点/守卫命中
✅ [staff] /me —— 200 + 非空白 + 锚点/守卫命中
✅ [staff] /attendance —— 200 + 非空白 + 锚点/守卫命中（批次 staff-2 R7）
✅ [staff] /inventory —— 200 + 非空白 + 锚点/守卫命中（批次 staff-2 R8）
✅ [staff] /inventory/01000000000000000000000000 —— 200 + 非空白 + 锚点/守卫命中（批次 staff-2 R8：无效 id 空态页仍渲染「盘点执行」标题+返回出口）
✅ [staff] /pay —— 200 + 非空白 + 锚点/守卫命中（批次 staff-2 R9）
✅ [staff] /xp —— 200 + 非空白 + 锚点/守卫命中（批次 staff-2 R10）
✅ [staff] /reviews —— 200 + 非空白 + 锚点/守卫命中（批次 staff-2 R10）
✅ [staff] /manager —— 200 + 非空白 + 锚点/守卫命中（批次 staff-2：smoke 以首个 staff 种子（非店长）登录渲染引导卡；锚点命中 PageHeader 标题与引导卡 h1）

===== 路由冒烟汇总：50/50 通过 =====
结果 JSON：C:/Users/lqb15/AppData/Local/Temp/r11a-sr2.json
